<?xml version="1.0" encoding="ISO-8859-1" ?>
<link_info>
   <banner>MSP430 Linker PC v21.6.0.LTS</banner>
   <copyright>Copyright (c) 2003-2018 Texas Instruments Incorporated</copyright>
   <link_time>0x6224f72f</link_time>
   <link_errors>0x0</link_errors>
   <output_file>AEP.out</output_file>
   <entry_point>
      <name>_c_int00_noargs_mpu</name>
      <address>0x8400</address>
   </entry_point>
   <input_file_list>
      <input_file id="fl-2">
         <path>.\</path>
         <kind>object</kind>
         <file>dataset.obj</file>
         <name>dataset.obj</name>
      </input_file>
      <input_file id="fl-3">
         <path>.\</path>
         <kind>object</kind>
         <file>dt_classification.obj</file>
         <name>dt_classification.obj</name>
      </input_file>
      <input_file id="fl-4">
         <path>.\</path>
         <kind>object</kind>
         <file>dt_training.obj</file>
         <name>dt_training.obj</name>
      </input_file>
      <input_file id="fl-5">
         <path>.\</path>
         <kind>object</kind>
         <file>fixed.obj</file>
         <name>fixed.obj</name>
      </input_file>
      <input_file id="fl-6">
         <path>.\</path>
         <kind>object</kind>
         <file>kmeans.obj</file>
         <name>kmeans.obj</name>
      </input_file>
      <input_file id="fl-7">
         <path>.\</path>
         <kind>object</kind>
         <file>knn_classification.obj</file>
         <name>knn_classification.obj</name>
      </input_file>
      <input_file id="fl-8">
         <path>.\</path>
         <kind>object</kind>
         <file>main.obj</file>
         <name>main.obj</name>
      </input_file>
      <input_file id="fl-9">
         <path>.\</path>
         <kind>object</kind>
         <file>pf_sim.obj</file>
         <name>pf_sim.obj</name>
      </input_file>
      <input_file id="fl-a">
         <path>.\</path>
         <kind>object</kind>
         <file>pipeline.obj</file>
         <name>pipeline.obj</name>
      </input_file>
      <input_file id="fl-b">
         <path>.\</path>
         <kind>object</kind>
         <file>test.obj</file>
         <name>test.obj</name>
      </input_file>
      <input_file id="fl-12">
         <kind>object</kind>
         <file>&lt;internal&gt;</file>
         <name>&lt;internal&gt;</name>
      </input_file>
      <input_file id="fl-32">
         <path>C:\ti\ccs1100\ccs\tools\compiler\ti-cgt-msp430_21.6.0.LTS\lib\</path>
         <kind>archive</kind>
         <file>rts430x_lc_ld_eabi.lib</file>
         <name>copy_decompress_lzss.c.obj</name>
      </input_file>
      <input_file id="fl-33">
         <path>C:\ti\ccs1100\ccs\tools\compiler\ti-cgt-msp430_21.6.0.LTS\lib\</path>
         <kind>archive</kind>
         <file>rts430x_lc_ld_eabi.lib</file>
         <name>copy_decompress_none.c.obj</name>
      </input_file>
      <input_file id="fl-34">
         <path>C:\ti\ccs1100\ccs\tools\compiler\ti-cgt-msp430_21.6.0.LTS\lib\</path>
         <kind>archive</kind>
         <file>rts430x_lc_ld_eabi.lib</file>
         <name>int18.asm.obj</name>
      </input_file>
      <input_file id="fl-35">
         <path>C:\ti\ccs1100\ccs\tools\compiler\ti-cgt-msp430_21.6.0.LTS\lib\</path>
         <kind>archive</kind>
         <file>rts430x_lc_ld_eabi.lib</file>
         <name>isr_trap.asm.obj</name>
      </input_file>
      <input_file id="fl-36">
         <path>C:\ti\ccs1100\ccs\tools\compiler\ti-cgt-msp430_21.6.0.LTS\lib\</path>
         <kind>archive</kind>
         <file>rts430x_lc_ld_eabi.lib</file>
         <name>int19.asm.obj</name>
      </input_file>
      <input_file id="fl-37">
         <path>C:\ti\ccs1100\ccs\tools\compiler\ti-cgt-msp430_21.6.0.LTS\lib\</path>
         <kind>archive</kind>
         <file>rts430x_lc_ld_eabi.lib</file>
         <name>int20.asm.obj</name>
      </input_file>
      <input_file id="fl-38">
         <path>C:\ti\ccs1100\ccs\tools\compiler\ti-cgt-msp430_21.6.0.LTS\lib\</path>
         <kind>archive</kind>
         <file>rts430x_lc_ld_eabi.lib</file>
         <name>int21.asm.obj</name>
      </input_file>
      <input_file id="fl-39">
         <path>C:\ti\ccs1100\ccs\tools\compiler\ti-cgt-msp430_21.6.0.LTS\lib\</path>
         <kind>archive</kind>
         <file>rts430x_lc_ld_eabi.lib</file>
         <name>int22.asm.obj</name>
      </input_file>
      <input_file id="fl-3a">
         <path>C:\ti\ccs1100\ccs\tools\compiler\ti-cgt-msp430_21.6.0.LTS\lib\</path>
         <kind>archive</kind>
         <file>rts430x_lc_ld_eabi.lib</file>
         <name>int23.asm.obj</name>
      </input_file>
      <input_file id="fl-3b">
         <path>C:\ti\ccs1100\ccs\tools\compiler\ti-cgt-msp430_21.6.0.LTS\lib\</path>
         <kind>archive</kind>
         <file>rts430x_lc_ld_eabi.lib</file>
         <name>int24.asm.obj</name>
      </input_file>
      <input_file id="fl-3c">
         <path>C:\ti\ccs1100\ccs\tools\compiler\ti-cgt-msp430_21.6.0.LTS\lib\</path>
         <kind>archive</kind>
         <file>rts430x_lc_ld_eabi.lib</file>
         <name>int25.asm.obj</name>
      </input_file>
      <input_file id="fl-3d">
         <path>C:\ti\ccs1100\ccs\tools\compiler\ti-cgt-msp430_21.6.0.LTS\lib\</path>
         <kind>archive</kind>
         <file>rts430x_lc_ld_eabi.lib</file>
         <name>int26.asm.obj</name>
      </input_file>
      <input_file id="fl-3e">
         <path>C:\ti\ccs1100\ccs\tools\compiler\ti-cgt-msp430_21.6.0.LTS\lib\</path>
         <kind>archive</kind>
         <file>rts430x_lc_ld_eabi.lib</file>
         <name>int27.asm.obj</name>
      </input_file>
      <input_file id="fl-3f">
         <path>C:\ti\ccs1100\ccs\tools\compiler\ti-cgt-msp430_21.6.0.LTS\lib\</path>
         <kind>archive</kind>
         <file>rts430x_lc_ld_eabi.lib</file>
         <name>int28.asm.obj</name>
      </input_file>
      <input_file id="fl-40">
         <path>C:\ti\ccs1100\ccs\tools\compiler\ti-cgt-msp430_21.6.0.LTS\lib\</path>
         <kind>archive</kind>
         <file>rts430x_lc_ld_eabi.lib</file>
         <name>int29.asm.obj</name>
      </input_file>
      <input_file id="fl-41">
         <path>C:\ti\ccs1100\ccs\tools\compiler\ti-cgt-msp430_21.6.0.LTS\lib\</path>
         <kind>archive</kind>
         <file>rts430x_lc_ld_eabi.lib</file>
         <name>int30.asm.obj</name>
      </input_file>
      <input_file id="fl-42">
         <path>C:\ti\ccs1100\ccs\tools\compiler\ti-cgt-msp430_21.6.0.LTS\lib\</path>
         <kind>archive</kind>
         <file>rts430x_lc_ld_eabi.lib</file>
         <name>int31.asm.obj</name>
      </input_file>
      <input_file id="fl-43">
         <path>C:\ti\ccs1100\ccs\tools\compiler\ti-cgt-msp430_21.6.0.LTS\lib\</path>
         <kind>archive</kind>
         <file>rts430x_lc_ld_eabi.lib</file>
         <name>int32.asm.obj</name>
      </input_file>
      <input_file id="fl-44">
         <path>C:\ti\ccs1100\ccs\tools\compiler\ti-cgt-msp430_21.6.0.LTS\lib\</path>
         <kind>archive</kind>
         <file>rts430x_lc_ld_eabi.lib</file>
         <name>int33.asm.obj</name>
      </input_file>
      <input_file id="fl-45">
         <path>C:\ti\ccs1100\ccs\tools\compiler\ti-cgt-msp430_21.6.0.LTS\lib\</path>
         <kind>archive</kind>
         <file>rts430x_lc_ld_eabi.lib</file>
         <name>int34.asm.obj</name>
      </input_file>
      <input_file id="fl-46">
         <path>C:\ti\ccs1100\ccs\tools\compiler\ti-cgt-msp430_21.6.0.LTS\lib\</path>
         <kind>archive</kind>
         <file>rts430x_lc_ld_eabi.lib</file>
         <name>int35.asm.obj</name>
      </input_file>
      <input_file id="fl-47">
         <path>C:\ti\ccs1100\ccs\tools\compiler\ti-cgt-msp430_21.6.0.LTS\lib\</path>
         <kind>archive</kind>
         <file>rts430x_lc_ld_eabi.lib</file>
         <name>int36.asm.obj</name>
      </input_file>
      <input_file id="fl-48">
         <path>C:\ti\ccs1100\ccs\tools\compiler\ti-cgt-msp430_21.6.0.LTS\lib\</path>
         <kind>archive</kind>
         <file>rts430x_lc_ld_eabi.lib</file>
         <name>int37.asm.obj</name>
      </input_file>
      <input_file id="fl-49">
         <path>C:\ti\ccs1100\ccs\tools\compiler\ti-cgt-msp430_21.6.0.LTS\lib\</path>
         <kind>archive</kind>
         <file>rts430x_lc_ld_eabi.lib</file>
         <name>int38.asm.obj</name>
      </input_file>
      <input_file id="fl-4a">
         <path>C:\ti\ccs1100\ccs\tools\compiler\ti-cgt-msp430_21.6.0.LTS\lib\</path>
         <kind>archive</kind>
         <file>rts430x_lc_ld_eabi.lib</file>
         <name>int39.asm.obj</name>
      </input_file>
      <input_file id="fl-4b">
         <path>C:\ti\ccs1100\ccs\tools\compiler\ti-cgt-msp430_21.6.0.LTS\lib\</path>
         <kind>archive</kind>
         <file>rts430x_lc_ld_eabi.lib</file>
         <name>int40.asm.obj</name>
      </input_file>
      <input_file id="fl-4c">
         <path>C:\ti\ccs1100\ccs\tools\compiler\ti-cgt-msp430_21.6.0.LTS\lib\</path>
         <kind>archive</kind>
         <file>rts430x_lc_ld_eabi.lib</file>
         <name>int41.asm.obj</name>
      </input_file>
      <input_file id="fl-4d">
         <path>C:\ti\ccs1100\ccs\tools\compiler\ti-cgt-msp430_21.6.0.LTS\lib\</path>
         <kind>archive</kind>
         <file>rts430x_lc_ld_eabi.lib</file>
         <name>int42.asm.obj</name>
      </input_file>
      <input_file id="fl-4e">
         <path>C:\ti\ccs1100\ccs\tools\compiler\ti-cgt-msp430_21.6.0.LTS\lib\</path>
         <kind>archive</kind>
         <file>rts430x_lc_ld_eabi.lib</file>
         <name>int43.asm.obj</name>
      </input_file>
      <input_file id="fl-4f">
         <path>C:\ti\ccs1100\ccs\tools\compiler\ti-cgt-msp430_21.6.0.LTS\lib\</path>
         <kind>archive</kind>
         <file>rts430x_lc_ld_eabi.lib</file>
         <name>int44.asm.obj</name>
      </input_file>
      <input_file id="fl-50">
         <path>C:\ti\ccs1100\ccs\tools\compiler\ti-cgt-msp430_21.6.0.LTS\lib\</path>
         <kind>archive</kind>
         <file>rts430x_lc_ld_eabi.lib</file>
         <name>int45.asm.obj</name>
      </input_file>
      <input_file id="fl-51">
         <path>C:\ti\ccs1100\ccs\tools\compiler\ti-cgt-msp430_21.6.0.LTS\lib\</path>
         <kind>archive</kind>
         <file>rts430x_lc_ld_eabi.lib</file>
         <name>int46.asm.obj</name>
      </input_file>
      <input_file id="fl-52">
         <path>C:\ti\ccs1100\ccs\tools\compiler\ti-cgt-msp430_21.6.0.LTS\lib\</path>
         <kind>archive</kind>
         <file>rts430x_lc_ld_eabi.lib</file>
         <name>int47.asm.obj</name>
      </input_file>
      <input_file id="fl-53">
         <path>C:\ti\ccs1100\ccs\tools\compiler\ti-cgt-msp430_21.6.0.LTS\lib\</path>
         <kind>archive</kind>
         <file>rts430x_lc_ld_eabi.lib</file>
         <name>int48.asm.obj</name>
      </input_file>
      <input_file id="fl-54">
         <path>C:\ti\ccs1100\ccs\tools\compiler\ti-cgt-msp430_21.6.0.LTS\lib\</path>
         <kind>archive</kind>
         <file>rts430x_lc_ld_eabi.lib</file>
         <name>int49.asm.obj</name>
      </input_file>
      <input_file id="fl-55">
         <path>C:\ti\ccs1100\ccs\tools\compiler\ti-cgt-msp430_21.6.0.LTS\lib\</path>
         <kind>archive</kind>
         <file>rts430x_lc_ld_eabi.lib</file>
         <name>int50.asm.obj</name>
      </input_file>
      <input_file id="fl-56">
         <path>C:\ti\ccs1100\ccs\tools\compiler\ti-cgt-msp430_21.6.0.LTS\lib\</path>
         <kind>archive</kind>
         <file>rts430x_lc_ld_eabi.lib</file>
         <name>int51.asm.obj</name>
      </input_file>
      <input_file id="fl-57">
         <path>C:\ti\ccs1100\ccs\tools\compiler\ti-cgt-msp430_21.6.0.LTS\lib\</path>
         <kind>archive</kind>
         <file>rts430x_lc_ld_eabi.lib</file>
         <name>int52.asm.obj</name>
      </input_file>
      <input_file id="fl-58">
         <path>C:\ti\ccs1100\ccs\tools\compiler\ti-cgt-msp430_21.6.0.LTS\lib\</path>
         <kind>archive</kind>
         <file>rts430x_lc_ld_eabi.lib</file>
         <name>int53.asm.obj</name>
      </input_file>
      <input_file id="fl-59">
         <path>C:\ti\ccs1100\ccs\tools\compiler\ti-cgt-msp430_21.6.0.LTS\lib\</path>
         <kind>archive</kind>
         <file>rts430x_lc_ld_eabi.lib</file>
         <name>int54.asm.obj</name>
      </input_file>
      <input_file id="fl-5a">
         <path>C:\ti\ccs1100\ccs\tools\compiler\ti-cgt-msp430_21.6.0.LTS\lib\</path>
         <kind>archive</kind>
         <file>rts430x_lc_ld_eabi.lib</file>
         <name>copy_zero_init.c.obj</name>
      </input_file>
      <input_file id="fl-5b">
         <path>C:\ti\ccs1100\ccs\tools\compiler\ti-cgt-msp430_21.6.0.LTS\lib\</path>
         <kind>archive</kind>
         <file>rts430x_lc_ld_eabi.lib</file>
         <name>fs_add.asm.obj</name>
      </input_file>
      <input_file id="fl-5c">
         <path>C:\ti\ccs1100\ccs\tools\compiler\ti-cgt-msp430_21.6.0.LTS\lib\</path>
         <kind>archive</kind>
         <file>rts430x_lc_ld_eabi.lib</file>
         <name>cvtdf.c.obj</name>
      </input_file>
      <input_file id="fl-5d">
         <path>C:\ti\ccs1100\ccs\tools\compiler\ti-cgt-msp430_21.6.0.LTS\lib\</path>
         <kind>archive</kind>
         <file>rts430x_lc_ld_eabi.lib</file>
         <name>cvtfd.c.obj</name>
      </input_file>
      <input_file id="fl-5e">
         <path>C:\ti\ccs1100\ccs\tools\compiler\ti-cgt-msp430_21.6.0.LTS\lib\</path>
         <kind>archive</kind>
         <file>rts430x_lc_ld_eabi.lib</file>
         <name>divd.c.obj</name>
      </input_file>
      <input_file id="fl-5f">
         <path>C:\ti\ccs1100\ccs\tools\compiler\ti-cgt-msp430_21.6.0.LTS\lib\</path>
         <kind>archive</kind>
         <file>rts430x_lc_ld_eabi.lib</file>
         <name>frcdivd.c.obj</name>
      </input_file>
      <input_file id="fl-60">
         <path>C:\ti\ccs1100\ccs\tools\compiler\ti-cgt-msp430_21.6.0.LTS\lib\</path>
         <kind>archive</kind>
         <file>rts430x_lc_ld_eabi.lib</file>
         <name>fs_div.asm.obj</name>
      </input_file>
      <input_file id="fl-61">
         <path>C:\ti\ccs1100\ccs\tools\compiler\ti-cgt-msp430_21.6.0.LTS\lib\</path>
         <kind>archive</kind>
         <file>rts430x_lc_ld_eabi.lib</file>
         <name>div32s.asm.obj</name>
      </input_file>
      <input_file id="fl-62">
         <path>C:\ti\ccs1100\ccs\tools\compiler\ti-cgt-msp430_21.6.0.LTS\lib\</path>
         <kind>archive</kind>
         <file>rts430x_lc_ld_eabi.lib</file>
         <name>div32u.asm.obj</name>
      </input_file>
      <input_file id="fl-63">
         <path>C:\ti\ccs1100\ccs\tools\compiler\ti-cgt-msp430_21.6.0.LTS\lib\</path>
         <kind>archive</kind>
         <file>rts430x_lc_ld_eabi.lib</file>
         <name>fs_tol.asm.obj</name>
      </input_file>
      <input_file id="fl-64">
         <path>C:\ti\ccs1100\ccs\tools\compiler\ti-cgt-msp430_21.6.0.LTS\lib\</path>
         <kind>archive</kind>
         <file>rts430x_lc_ld_eabi.lib</file>
         <name>fs_ltof.asm.obj</name>
      </input_file>
      <input_file id="fl-65">
         <path>C:\ti\ccs1100\ccs\tools\compiler\ti-cgt-msp430_21.6.0.LTS\lib\</path>
         <kind>archive</kind>
         <file>rts430x_lc_ld_eabi.lib</file>
         <name>fs_utof.asm.obj</name>
      </input_file>
      <input_file id="fl-66">
         <path>C:\ti\ccs1100\ccs\tools\compiler\ti-cgt-msp430_21.6.0.LTS\lib\</path>
         <kind>archive</kind>
         <file>rts430x_lc_ld_eabi.lib</file>
         <name>mpyd.c.obj</name>
      </input_file>
      <input_file id="fl-67">
         <path>C:\ti\ccs1100\ccs\tools\compiler\ti-cgt-msp430_21.6.0.LTS\lib\</path>
         <kind>archive</kind>
         <file>rts430x_lc_ld_eabi.lib</file>
         <name>frcmpyd.c.obj</name>
      </input_file>
      <input_file id="fl-68">
         <path>C:\ti\ccs1100\ccs\tools\compiler\ti-cgt-msp430_21.6.0.LTS\lib\</path>
         <kind>archive</kind>
         <file>rts430x_lc_ld_eabi.lib</file>
         <name>fs_mpy.asm.obj</name>
      </input_file>
      <input_file id="fl-69">
         <path>C:\ti\ccs1100\ccs\tools\compiler\ti-cgt-msp430_21.6.0.LTS\lib\</path>
         <kind>archive</kind>
         <file>rts430x_lc_ld_eabi.lib</file>
         <name>mult16.asm.obj</name>
      </input_file>
      <input_file id="fl-6a">
         <path>C:\ti\ccs1100\ccs\tools\compiler\ti-cgt-msp430_21.6.0.LTS\lib\</path>
         <kind>archive</kind>
         <file>rts430x_lc_ld_eabi.lib</file>
         <name>mult16_f5hw.asm.obj</name>
      </input_file>
      <input_file id="fl-6b">
         <path>C:\ti\ccs1100\ccs\tools\compiler\ti-cgt-msp430_21.6.0.LTS\lib\</path>
         <kind>archive</kind>
         <file>rts430x_lc_ld_eabi.lib</file>
         <name>mult32.asm.obj</name>
      </input_file>
      <input_file id="fl-6c">
         <path>C:\ti\ccs1100\ccs\tools\compiler\ti-cgt-msp430_21.6.0.LTS\lib\</path>
         <kind>archive</kind>
         <file>rts430x_lc_ld_eabi.lib</file>
         <name>mult32_f5hw.asm.obj</name>
      </input_file>
      <input_file id="fl-6d">
         <path>C:\ti\ccs1100\ccs\tools\compiler\ti-cgt-msp430_21.6.0.LTS\lib\</path>
         <kind>archive</kind>
         <file>rts430x_lc_ld_eabi.lib</file>
         <name>mult64.asm.obj</name>
      </input_file>
      <input_file id="fl-6e">
         <path>C:\ti\ccs1100\ccs\tools\compiler\ti-cgt-msp430_21.6.0.LTS\lib\</path>
         <kind>archive</kind>
         <file>rts430x_lc_ld_eabi.lib</file>
         <name>mult64_f5hw.asm.obj</name>
      </input_file>
      <input_file id="fl-6f">
         <path>C:\ti\ccs1100\ccs\tools\compiler\ti-cgt-msp430_21.6.0.LTS\lib\</path>
         <kind>archive</kind>
         <file>rts430x_lc_ld_eabi.lib</file>
         <name>mult1632_f5hw.asm.obj</name>
      </input_file>
      <input_file id="fl-70">
         <path>C:\ti\ccs1100\ccs\tools\compiler\ti-cgt-msp430_21.6.0.LTS\lib\</path>
         <kind>archive</kind>
         <file>rts430x_lc_ld_eabi.lib</file>
         <name>mult3264_f5hw.asm.obj</name>
      </input_file>
      <input_file id="fl-71">
         <path>C:\ti\ccs1100\ccs\tools\compiler\ti-cgt-msp430_21.6.0.LTS\lib\</path>
         <kind>archive</kind>
         <file>rts430x_lc_ld_eabi.lib</file>
         <name>mult1632.asm.obj</name>
      </input_file>
      <input_file id="fl-72">
         <path>C:\ti\ccs1100\ccs\tools\compiler\ti-cgt-msp430_21.6.0.LTS\lib\</path>
         <kind>archive</kind>
         <file>rts430x_lc_ld_eabi.lib</file>
         <name>mult3264.asm.obj</name>
      </input_file>
      <input_file id="fl-73">
         <path>C:\ti\ccs1100\ccs\tools\compiler\ti-cgt-msp430_21.6.0.LTS\lib\</path>
         <kind>archive</kind>
         <file>rts430x_lc_ld_eabi.lib</file>
         <name>div16u.asm.obj</name>
      </input_file>
      <input_file id="fl-74">
         <path>C:\ti\ccs1100\ccs\tools\compiler\ti-cgt-msp430_21.6.0.LTS\lib\</path>
         <kind>archive</kind>
         <file>rts430x_lc_ld_eabi.lib</file>
         <name>lsl32.asm.obj</name>
      </input_file>
      <input_file id="fl-75">
         <path>C:\ti\ccs1100\ccs\tools\compiler\ti-cgt-msp430_21.6.0.LTS\lib\</path>
         <kind>archive</kind>
         <file>rts430x_lc_ld_eabi.lib</file>
         <name>lsl64.c.obj</name>
      </input_file>
      <input_file id="fl-76">
         <path>C:\ti\ccs1100\ccs\tools\compiler\ti-cgt-msp430_21.6.0.LTS\lib\</path>
         <kind>archive</kind>
         <file>rts430x_lc_ld_eabi.lib</file>
         <name>asr32.asm.obj</name>
      </input_file>
      <input_file id="fl-77">
         <path>C:\ti\ccs1100\ccs\tools\compiler\ti-cgt-msp430_21.6.0.LTS\lib\</path>
         <kind>archive</kind>
         <file>rts430x_lc_ld_eabi.lib</file>
         <name>lsr32.asm.obj</name>
      </input_file>
      <input_file id="fl-78">
         <path>C:\ti\ccs1100\ccs\tools\compiler\ti-cgt-msp430_21.6.0.LTS\lib\</path>
         <kind>archive</kind>
         <file>rts430x_lc_ld_eabi.lib</file>
         <name>lsr64.c.obj</name>
      </input_file>
      <input_file id="fl-79">
         <path>C:\ti\ccs1100\ccs\tools\compiler\ti-cgt-msp430_21.6.0.LTS\lib\</path>
         <kind>archive</kind>
         <file>rts430x_lc_ld_eabi.lib</file>
         <name>boot.c.obj</name>
      </input_file>
      <input_file id="fl-7a">
         <path>C:\ti\ccs1100\ccs\ccs_base\msp430\lib\FR59xx\</path>
         <kind>archive</kind>
         <file>MSPMPU_INIT_LIB_CCS_msp430_large_code_large_data.lib</file>
         <name>mpu_init.o</name>
      </input_file>
      <input_file id="fl-7b">
         <path>C:\ti\ccs1100\ccs\tools\compiler\ti-cgt-msp430_21.6.0.LTS\lib\</path>
         <kind>archive</kind>
         <file>rts430x_lc_ld_eabi.lib</file>
         <name>args_main.c.obj</name>
      </input_file>
      <input_file id="fl-7c">
         <path>C:\ti\ccs1100\ccs\tools\compiler\ti-cgt-msp430_21.6.0.LTS\lib\</path>
         <kind>archive</kind>
         <file>rts430x_lc_ld_eabi.lib</file>
         <name>autoinit.c.obj</name>
      </input_file>
      <input_file id="fl-7d">
         <path>C:\ti\ccs1100\ccs\tools\compiler\ti-cgt-msp430_21.6.0.LTS\lib\</path>
         <kind>archive</kind>
         <file>rts430x_lc_ld_eabi.lib</file>
         <name>startup.c.obj</name>
      </input_file>
      <input_file id="fl-7e">
         <path>C:\ti\ccs1100\ccs\tools\compiler\ti-cgt-msp430_21.6.0.LTS\lib\</path>
         <kind>archive</kind>
         <file>rts430x_lc_ld_eabi.lib</file>
         <name>pre_init.c.obj</name>
      </input_file>
      <input_file id="fl-7f">
         <path>C:\ti\ccs1100\ccs\tools\compiler\ti-cgt-msp430_21.6.0.LTS\lib\</path>
         <kind>archive</kind>
         <file>rts430x_lc_ld_eabi.lib</file>
         <name>cpy_tbl.c.obj</name>
      </input_file>
      <input_file id="fl-80">
         <path>C:\ti\ccs1100\ccs\tools\compiler\ti-cgt-msp430_21.6.0.LTS\lib\</path>
         <kind>archive</kind>
         <file>rts430x_lc_ld_eabi.lib</file>
         <name>exit.c.obj</name>
      </input_file>
      <input_file id="fl-81">
         <path>C:\ti\ccs1100\ccs\tools\compiler\ti-cgt-msp430_21.6.0.LTS\lib\</path>
         <kind>archive</kind>
         <file>rts430x_lc_ld_eabi.lib</file>
         <name>exit_gvars.c.obj</name>
      </input_file>
      <input_file id="fl-82">
         <path>C:\ti\ccs1100\ccs\tools\compiler\ti-cgt-msp430_21.6.0.LTS\lib\</path>
         <kind>archive</kind>
         <file>rts430x_lc_ld_eabi.lib</file>
         <name>_lock.c.obj</name>
      </input_file>
      <input_file id="fl-83">
         <path>C:\ti\ccs1100\ccs\tools\compiler\ti-cgt-msp430_21.6.0.LTS\lib\</path>
         <kind>archive</kind>
         <file>rts430x_lc_ld_eabi.lib</file>
         <name>memcmp.c.obj</name>
      </input_file>
      <input_file id="fl-84">
         <path>C:\ti\ccs1100\ccs\tools\compiler\ti-cgt-msp430_21.6.0.LTS\lib\</path>
         <kind>archive</kind>
         <file>rts430x_lc_ld_eabi.lib</file>
         <name>memcpy.c.obj</name>
      </input_file>
      <input_file id="fl-85">
         <path>C:\ti\ccs1100\ccs\tools\compiler\ti-cgt-msp430_21.6.0.LTS\lib\</path>
         <kind>archive</kind>
         <file>rts430x_lc_ld_eabi.lib</file>
         <name>memset.c.obj</name>
      </input_file>
      <input_file id="fl-86">
         <path>C:\ti\ccs1100\ccs\tools\compiler\ti-cgt-msp430_21.6.0.LTS\lib\</path>
         <kind>archive</kind>
         <file>rts430x_lc_ld_eabi.lib</file>
         <name>printf.c.obj</name>
      </input_file>
      <input_file id="fl-87">
         <path>C:\ti\ccs1100\ccs\tools\compiler\ti-cgt-msp430_21.6.0.LTS\lib\</path>
         <kind>archive</kind>
         <file>rts430x_lc_ld_eabi.lib</file>
         <name>_printfi.c.obj</name>
      </input_file>
      <input_file id="fl-88">
         <path>C:\ti\ccs1100\ccs\tools\compiler\ti-cgt-msp430_21.6.0.LTS\lib\</path>
         <kind>archive</kind>
         <file>rts430x_lc_ld_eabi.lib</file>
         <name>_ltoa.c.obj</name>
      </input_file>
      <input_file id="fl-89">
         <path>C:\ti\ccs1100\ccs\tools\compiler\ti-cgt-msp430_21.6.0.LTS\lib\</path>
         <kind>archive</kind>
         <file>rts430x_lc_ld_eabi.lib</file>
         <name>cmpd.c.obj</name>
      </input_file>
      <input_file id="fl-8a">
         <path>C:\ti\ccs1100\ccs\tools\compiler\ti-cgt-msp430_21.6.0.LTS\lib\</path>
         <kind>archive</kind>
         <file>rts430x_lc_ld_eabi.lib</file>
         <name>div64u.c.obj</name>
      </input_file>
      <input_file id="fl-8b">
         <path>C:\ti\ccs1100\ccs\tools\compiler\ti-cgt-msp430_21.6.0.LTS\lib\</path>
         <kind>archive</kind>
         <file>rts430x_lc_ld_eabi.lib</file>
         <name>fixdi.c.obj</name>
      </input_file>
      <input_file id="fl-8c">
         <path>C:\ti\ccs1100\ccs\tools\compiler\ti-cgt-msp430_21.6.0.LTS\lib\</path>
         <kind>archive</kind>
         <file>rts430x_lc_ld_eabi.lib</file>
         <name>fixdli.c.obj</name>
      </input_file>
      <input_file id="fl-8d">
         <path>C:\ti\ccs1100\ccs\tools\compiler\ti-cgt-msp430_21.6.0.LTS\lib\</path>
         <kind>archive</kind>
         <file>rts430x_lc_ld_eabi.lib</file>
         <name>fltid.c.obj</name>
      </input_file>
      <input_file id="fl-8e">
         <path>C:\ti\ccs1100\ccs\tools\compiler\ti-cgt-msp430_21.6.0.LTS\lib\</path>
         <kind>archive</kind>
         <file>rts430x_lc_ld_eabi.lib</file>
         <name>fltlid.c.obj</name>
      </input_file>
      <input_file id="fl-8f">
         <path>C:\ti\ccs1100\ccs\tools\compiler\ti-cgt-msp430_21.6.0.LTS\lib\</path>
         <kind>archive</kind>
         <file>rts430x_lc_ld_eabi.lib</file>
         <name>negd.c.obj</name>
      </input_file>
      <input_file id="fl-90">
         <path>C:\ti\ccs1100\ccs\tools\compiler\ti-cgt-msp430_21.6.0.LTS\lib\</path>
         <kind>archive</kind>
         <file>rts430x_lc_ld_eabi.lib</file>
         <name>subd.c.obj</name>
      </input_file>
      <input_file id="fl-91">
         <path>C:\ti\ccs1100\ccs\tools\compiler\ti-cgt-msp430_21.6.0.LTS\lib\</path>
         <kind>archive</kind>
         <file>rts430x_lc_ld_eabi.lib</file>
         <name>addd.c.obj</name>
      </input_file>
      <input_file id="fl-92">
         <path>C:\ti\ccs1100\ccs\tools\compiler\ti-cgt-msp430_21.6.0.LTS\lib\</path>
         <kind>archive</kind>
         <file>rts430x_lc_ld_eabi.lib</file>
         <name>asr64.c.obj</name>
      </input_file>
      <input_file id="fl-93">
         <path>C:\ti\ccs1100\ccs\tools\compiler\ti-cgt-msp430_21.6.0.LTS\lib\</path>
         <kind>archive</kind>
         <file>rts430x_lc_ld_eabi.lib</file>
         <name>defs.c.obj</name>
      </input_file>
      <input_file id="fl-94">
         <path>C:\ti\ccs1100\ccs\tools\compiler\ti-cgt-msp430_21.6.0.LTS\lib\</path>
         <kind>archive</kind>
         <file>rts430x_lc_ld_eabi.lib</file>
         <name>abs.c.obj</name>
      </input_file>
      <input_file id="fl-95">
         <path>C:\ti\ccs1100\ccs\tools\compiler\ti-cgt-msp430_21.6.0.LTS\lib\</path>
         <kind>archive</kind>
         <file>rts430x_lc_ld_eabi.lib</file>
         <name>atoi.c.obj</name>
      </input_file>
      <input_file id="fl-96">
         <path>C:\ti\ccs1100\ccs\tools\compiler\ti-cgt-msp430_21.6.0.LTS\lib\</path>
         <kind>archive</kind>
         <file>rts430x_lc_ld_eabi.lib</file>
         <name>ctype.c.obj</name>
      </input_file>
      <input_file id="fl-97">
         <path>C:\ti\ccs1100\ccs\tools\compiler\ti-cgt-msp430_21.6.0.LTS\lib\</path>
         <kind>archive</kind>
         <file>rts430x_lc_ld_eabi.lib</file>
         <name>errno.c.obj</name>
      </input_file>
      <input_file id="fl-98">
         <path>C:\ti\ccs1100\ccs\tools\compiler\ti-cgt-msp430_21.6.0.LTS\lib\</path>
         <kind>archive</kind>
         <file>rts430x_lc_ld_eabi.lib</file>
         <name>fputc.c.obj</name>
      </input_file>
      <input_file id="fl-99">
         <path>C:\ti\ccs1100\ccs\tools\compiler\ti-cgt-msp430_21.6.0.LTS\lib\</path>
         <kind>archive</kind>
         <file>rts430x_lc_ld_eabi.lib</file>
         <name>fflush.c.obj</name>
      </input_file>
      <input_file id="fl-9a">
         <path>C:\ti\ccs1100\ccs\tools\compiler\ti-cgt-msp430_21.6.0.LTS\lib\</path>
         <kind>archive</kind>
         <file>rts430x_lc_ld_eabi.lib</file>
         <name>_io_perm.c.obj</name>
      </input_file>
      <input_file id="fl-9b">
         <path>C:\ti\ccs1100\ccs\tools\compiler\ti-cgt-msp430_21.6.0.LTS\lib\</path>
         <kind>archive</kind>
         <file>rts430x_lc_ld_eabi.lib</file>
         <name>fputs.c.obj</name>
      </input_file>
      <input_file id="fl-9c">
         <path>C:\ti\ccs1100\ccs\tools\compiler\ti-cgt-msp430_21.6.0.LTS\lib\</path>
         <kind>archive</kind>
         <file>rts430x_lc_ld_eabi.lib</file>
         <name>s_frexp.c.obj</name>
      </input_file>
      <input_file id="fl-9d">
         <path>C:\ti\ccs1100\ccs\tools\compiler\ti-cgt-msp430_21.6.0.LTS\lib\</path>
         <kind>archive</kind>
         <file>rts430x_lc_ld_eabi.lib</file>
         <name>fseek.c.obj</name>
      </input_file>
      <input_file id="fl-9e">
         <path>C:\ti\ccs1100\ccs\tools\compiler\ti-cgt-msp430_21.6.0.LTS\lib\</path>
         <kind>archive</kind>
         <file>rts430x_lc_ld_eabi.lib</file>
         <name>s_scalbn.c.obj</name>
      </input_file>
      <input_file id="fl-9f">
         <path>C:\ti\ccs1100\ccs\tools\compiler\ti-cgt-msp430_21.6.0.LTS\lib\</path>
         <kind>archive</kind>
         <file>rts430x_lc_ld_eabi.lib</file>
         <name>s_copysign.c.obj</name>
      </input_file>
      <input_file id="fl-a0">
         <path>C:\ti\ccs1100\ccs\tools\compiler\ti-cgt-msp430_21.6.0.LTS\lib\</path>
         <kind>archive</kind>
         <file>rts430x_lc_ld_eabi.lib</file>
         <name>lseek.c.obj</name>
      </input_file>
      <input_file id="fl-a1">
         <path>C:\ti\ccs1100\ccs\tools\compiler\ti-cgt-msp430_21.6.0.LTS\lib\</path>
         <kind>archive</kind>
         <file>rts430x_lc_ld_eabi.lib</file>
         <name>host_device.c.obj</name>
      </input_file>
      <input_file id="fl-a2">
         <path>C:\ti\ccs1100\ccs\tools\compiler\ti-cgt-msp430_21.6.0.LTS\lib\</path>
         <kind>archive</kind>
         <file>rts430x_lc_ld_eabi.lib</file>
         <name>hostclose.c.obj</name>
      </input_file>
      <input_file id="fl-a3">
         <path>C:\ti\ccs1100\ccs\tools\compiler\ti-cgt-msp430_21.6.0.LTS\lib\</path>
         <kind>archive</kind>
         <file>rts430x_lc_ld_eabi.lib</file>
         <name>hostlseek.c.obj</name>
      </input_file>
      <input_file id="fl-a4">
         <path>C:\ti\ccs1100\ccs\tools\compiler\ti-cgt-msp430_21.6.0.LTS\lib\</path>
         <kind>archive</kind>
         <file>rts430x_lc_ld_eabi.lib</file>
         <name>hostopen.c.obj</name>
      </input_file>
      <input_file id="fl-a5">
         <path>C:\ti\ccs1100\ccs\tools\compiler\ti-cgt-msp430_21.6.0.LTS\lib\</path>
         <kind>archive</kind>
         <file>rts430x_lc_ld_eabi.lib</file>
         <name>hostread.c.obj</name>
      </input_file>
      <input_file id="fl-a6">
         <path>C:\ti\ccs1100\ccs\tools\compiler\ti-cgt-msp430_21.6.0.LTS\lib\</path>
         <kind>archive</kind>
         <file>rts430x_lc_ld_eabi.lib</file>
         <name>hostrename.c.obj</name>
      </input_file>
      <input_file id="fl-a7">
         <path>C:\ti\ccs1100\ccs\tools\compiler\ti-cgt-msp430_21.6.0.LTS\lib\</path>
         <kind>archive</kind>
         <file>rts430x_lc_ld_eabi.lib</file>
         <name>hostunlink.c.obj</name>
      </input_file>
      <input_file id="fl-a8">
         <path>C:\ti\ccs1100\ccs\tools\compiler\ti-cgt-msp430_21.6.0.LTS\lib\</path>
         <kind>archive</kind>
         <file>rts430x_lc_ld_eabi.lib</file>
         <name>hostwrite.c.obj</name>
      </input_file>
      <input_file id="fl-a9">
         <path>C:\ti\ccs1100\ccs\tools\compiler\ti-cgt-msp430_21.6.0.LTS\lib\</path>
         <kind>archive</kind>
         <file>rts430x_lc_ld_eabi.lib</file>
         <name>trgmsg.c.obj</name>
      </input_file>
      <input_file id="fl-aa">
         <path>C:\ti\ccs1100\ccs\tools\compiler\ti-cgt-msp430_21.6.0.LTS\lib\</path>
         <kind>archive</kind>
         <file>rts430x_lc_ld_eabi.lib</file>
         <name>memccpy.c.obj</name>
      </input_file>
      <input_file id="fl-ab">
         <path>C:\ti\ccs1100\ccs\tools\compiler\ti-cgt-msp430_21.6.0.LTS\lib\</path>
         <kind>archive</kind>
         <file>rts430x_lc_ld_eabi.lib</file>
         <name>memchr.c.obj</name>
      </input_file>
      <input_file id="fl-ac">
         <path>C:\ti\ccs1100\ccs\tools\compiler\ti-cgt-msp430_21.6.0.LTS\lib\</path>
         <kind>archive</kind>
         <file>rts430x_lc_ld_eabi.lib</file>
         <name>qsort.c.obj</name>
      </input_file>
      <input_file id="fl-ad">
         <path>C:\ti\ccs1100\ccs\tools\compiler\ti-cgt-msp430_21.6.0.LTS\lib\</path>
         <kind>archive</kind>
         <file>rts430x_lc_ld_eabi.lib</file>
         <name>setvbuf.c.obj</name>
      </input_file>
      <input_file id="fl-ae">
         <path>C:\ti\ccs1100\ccs\tools\compiler\ti-cgt-msp430_21.6.0.LTS\lib\</path>
         <kind>archive</kind>
         <file>rts430x_lc_ld_eabi.lib</file>
         <name>fopen.c.obj</name>
      </input_file>
      <input_file id="fl-af">
         <path>C:\ti\ccs1100\ccs\tools\compiler\ti-cgt-msp430_21.6.0.LTS\lib\</path>
         <kind>archive</kind>
         <file>rts430x_lc_ld_eabi.lib</file>
         <name>fclose.c.obj</name>
      </input_file>
      <input_file id="fl-b0">
         <path>C:\ti\ccs1100\ccs\tools\compiler\ti-cgt-msp430_21.6.0.LTS\lib\</path>
         <kind>archive</kind>
         <file>rts430x_lc_ld_eabi.lib</file>
         <name>close.c.obj</name>
      </input_file>
      <input_file id="fl-b1">
         <path>C:\ti\ccs1100\ccs\tools\compiler\ti-cgt-msp430_21.6.0.LTS\lib\</path>
         <kind>archive</kind>
         <file>rts430x_lc_ld_eabi.lib</file>
         <name>memory.c.obj</name>
      </input_file>
      <input_file id="fl-b2">
         <path>C:\ti\ccs1100\ccs\tools\compiler\ti-cgt-msp430_21.6.0.LTS\lib\</path>
         <kind>archive</kind>
         <file>rts430x_lc_ld_eabi.lib</file>
         <name>open.c.obj</name>
      </input_file>
      <input_file id="fl-b3">
         <path>C:\ti\ccs1100\ccs\tools\compiler\ti-cgt-msp430_21.6.0.LTS\lib\</path>
         <kind>archive</kind>
         <file>rts430x_lc_ld_eabi.lib</file>
         <name>getdevice.c.obj</name>
      </input_file>
      <input_file id="fl-b4">
         <path>C:\ti\ccs1100\ccs\tools\compiler\ti-cgt-msp430_21.6.0.LTS\lib\</path>
         <kind>archive</kind>
         <file>rts430x_lc_ld_eabi.lib</file>
         <name>remove.c.obj</name>
      </input_file>
      <input_file id="fl-b5">
         <path>C:\ti\ccs1100\ccs\tools\compiler\ti-cgt-msp430_21.6.0.LTS\lib\</path>
         <kind>archive</kind>
         <file>rts430x_lc_ld_eabi.lib</file>
         <name>strchr.c.obj</name>
      </input_file>
      <input_file id="fl-b6">
         <path>C:\ti\ccs1100\ccs\tools\compiler\ti-cgt-msp430_21.6.0.LTS\lib\</path>
         <kind>archive</kind>
         <file>rts430x_lc_ld_eabi.lib</file>
         <name>strcmp.c.obj</name>
      </input_file>
      <input_file id="fl-b7">
         <path>C:\ti\ccs1100\ccs\tools\compiler\ti-cgt-msp430_21.6.0.LTS\lib\</path>
         <kind>archive</kind>
         <file>rts430x_lc_ld_eabi.lib</file>
         <name>strcpy.c.obj</name>
      </input_file>
      <input_file id="fl-b8">
         <path>C:\ti\ccs1100\ccs\tools\compiler\ti-cgt-msp430_21.6.0.LTS\lib\</path>
         <kind>archive</kind>
         <file>rts430x_lc_ld_eabi.lib</file>
         <name>strlen.c.obj</name>
      </input_file>
      <input_file id="fl-b9">
         <path>C:\ti\ccs1100\ccs\tools\compiler\ti-cgt-msp430_21.6.0.LTS\lib\</path>
         <kind>archive</kind>
         <file>rts430x_lc_ld_eabi.lib</file>
         <name>strncpy.c.obj</name>
      </input_file>
      <input_file id="fl-ba">
         <path>C:\ti\ccs1100\ccs\tools\compiler\ti-cgt-msp430_21.6.0.LTS\lib\</path>
         <kind>archive</kind>
         <file>rts430x_lc_ld_eabi.lib</file>
         <name>toupper.c.obj</name>
      </input_file>
      <input_file id="fl-bb">
         <path>C:\ti\ccs1100\ccs\tools\compiler\ti-cgt-msp430_21.6.0.LTS\lib\</path>
         <kind>archive</kind>
         <file>rts430x_lc_ld_eabi.lib</file>
         <name>unlink.c.obj</name>
      </input_file>
      <input_file id="fl-bc">
         <path>C:\ti\ccs1100\ccs\tools\compiler\ti-cgt-msp430_21.6.0.LTS\lib\</path>
         <kind>archive</kind>
         <file>rts430x_lc_ld_eabi.lib</file>
         <name>wcslen.c.obj</name>
      </input_file>
      <input_file id="fl-bd">
         <path>C:\ti\ccs1100\ccs\tools\compiler\ti-cgt-msp430_21.6.0.LTS\lib\</path>
         <kind>archive</kind>
         <file>rts430x_lc_ld_eabi.lib</file>
         <name>write.c.obj</name>
      </input_file>
   </input_file_list>
   <object_component_list>
      <object_component id="oc-783">
         <name>.TI.persistent:X_train</name>
         <load_address>0x4000</load_address>
         <run_address>0x4000</run_address>
         <size>0x2660</size>
         <input_file_ref idref="fl-2"/>
      </object_component>
      <object_component id="oc-79d">
         <name>.TI.persistent:X_test</name>
         <load_address>0x6660</load_address>
         <run_address>0x6660</run_address>
         <size>0x9a0</size>
         <input_file_ref idref="fl-b"/>
      </object_component>
      <object_component id="oc-786">
         <name>.TI.persistent:max_samples</name>
         <load_address>0x7000</load_address>
         <run_address>0x7000</run_address>
         <size>0x960</size>
         <input_file_ref idref="fl-8"/>
      </object_component>
      <object_component id="oc-78c">
         <name>.TI.persistent:weights</name>
         <load_address>0x7960</load_address>
         <run_address>0x7960</run_address>
         <size>0x4b0</size>
         <input_file_ref idref="fl-8"/>
      </object_component>
      <object_component id="oc-7a6">
         <name>.TI.persistent:y_test</name>
         <load_address>0x7e10</load_address>
         <run_address>0x7e10</run_address>
         <size>0x134</size>
         <input_file_ref idref="fl-b"/>
      </object_component>
      <object_component id="oc-78f">
         <name>.TI.persistent:y_train</name>
         <load_address>0x7f44</load_address>
         <run_address>0x7f44</run_address>
         <size>0x12c</size>
         <input_file_ref idref="fl-8"/>
      </object_component>
      <object_component id="oc-cdc">
         <name>.cio</name>
         <load_address>0x8070</load_address>
         <run_address>0x8070</run_address>
         <size>0x120</size>
         <input_file_ref idref="fl-a9"/>
      </object_component>
      <object_component id="oc-6ca">
         <name>.sysmem</name>
         <load_address>0x8190</load_address>
         <run_address>0x8190</run_address>
         <size>0x8</size>
         <input_file_ref idref="fl-b1"/>
      </object_component>
      <object_component id="oc-dd2">
         <name>.sysmem</name>
         <load_address>0x8190</load_address>
         <run_address>0x8190</run_address>
         <size>0x0</size>
      </object_component>
      <object_component id="oc-dd0">
         <name>.cinit..data.load</name>
         <load_address>0x855a</load_address>
         <run_address>0x855a</run_address>
         <size>0x56</size>
      </object_component>
      <object_component id="oc-dcd">
         <name>__TI_handler_table</name>
         <load_address>0x85b0</load_address>
         <run_address>0x85b0</run_address>
         <size>0xc</size>
      </object_component>
      <object_component id="oc-dcf">
         <name>.cinit..bss.load</name>
         <load_address>0x85bc</load_address>
         <run_address>0x85bc</run_address>
         <size>0x6</size>
      </object_component>
      <object_component id="oc-dce">
         <name>__TI_cinit_table</name>
         <load_address>0x85c2</load_address>
         <run_address>0x85c2</run_address>
         <size>0x10</size>
      </object_component>
      <object_component id="oc-d5a">
         <name>.binit</name>
         <load_address>0x4000</load_address>
         <run_address>0x4000</run_address>
         <size>0x0</size>
      </object_component>
      <object_component id="oc-714">
         <name>.text:_isr:_c_int00_noargs_mpu</name>
         <load_address>0x8400</load_address>
         <run_address>0x8400</run_address>
         <size>0x20</size>
         <input_file_ref idref="fl-79"/>
      </object_component>
      <object_component id="oc-6e5">
         <name>.text:_isr:__TI_ISR_TRAP</name>
         <load_address>0x8420</load_address>
         <run_address>0x8420</run_address>
         <size>0x8</size>
         <input_file_ref idref="fl-35"/>
      </object_component>
      <object_component id="oc-b37">
         <name>.const:.string:_ctypes_</name>
         <load_address>0x8428</load_address>
         <run_address>0x8428</run_address>
         <size>0x101</size>
         <input_file_ref idref="fl-96"/>
      </object_component>
      <object_component id="oc-aab">
         <name>.const:.string</name>
         <load_address>0x852a</load_address>
         <run_address>0x852a</run_address>
         <size>0x26</size>
         <input_file_ref idref="fl-87"/>
      </object_component>
      <object_component id="oc-7a9">
         <name>.const:.string</name>
         <load_address>0x8550</load_address>
         <run_address>0x8550</run_address>
         <size>0xa</size>
         <input_file_ref idref="fl-8"/>
      </object_component>
      <object_component id="oc-cf8">
         <name>.text:__mspabi_addd</name>
         <load_address>0x10000</load_address>
         <run_address>0x10000</run_address>
         <size>0x72a</size>
         <input_file_ref idref="fl-91"/>
      </object_component>
      <object_component id="oc-92d">
         <name>.text:__TI_frcdivd</name>
         <load_address>0x1072a</load_address>
         <run_address>0x1072a</run_address>
         <size>0x466</size>
         <input_file_ref idref="fl-5f"/>
      </object_component>
      <object_component id="oc-792">
         <name>.text:kmeans</name>
         <load_address>0x10b90</load_address>
         <run_address>0x10b90</run_address>
         <size>0x3fe</size>
         <input_file_ref idref="fl-6"/>
      </object_component>
      <object_component id="oc-749">
         <name>.text:main</name>
         <load_address>0x10f8e</load_address>
         <run_address>0x10f8e</run_address>
         <size>0x36a</size>
         <input_file_ref idref="fl-8"/>
      </object_component>
      <object_component id="oc-bef">
         <name>.text:__mspabi_divull</name>
         <load_address>0x112f8</load_address>
         <run_address>0x112f8</run_address>
         <size>0x34e</size>
         <input_file_ref idref="fl-8a"/>
      </object_component>
      <object_component id="oc-a68">
         <name>.text:__TI_printfi:_setfield___TI_printfi</name>
         <load_address>0x11646</load_address>
         <run_address>0x11646</run_address>
         <size>0x2ee</size>
         <input_file_ref idref="fl-87"/>
      </object_component>
      <object_component id="oc-995">
         <name>.text:__TI_printfi:__TI_printfi</name>
         <load_address>0x11934</load_address>
         <run_address>0x11934</run_address>
         <size>0x2ae</size>
         <input_file_ref idref="fl-87"/>
      </object_component>
      <object_component id="oc-85d">
         <name>.text:__mspabi_mpyd</name>
         <load_address>0x11be2</load_address>
         <run_address>0x11be2</run_address>
         <size>0x298</size>
         <input_file_ref idref="fl-66"/>
      </object_component>
      <object_component id="oc-ae6">
         <name>.text:_pproc_fgea</name>
         <load_address>0x11e7a</load_address>
         <run_address>0x11e7a</run_address>
         <size>0x268</size>
         <input_file_ref idref="fl-87"/>
      </object_component>
      <object_component id="oc-7a0">
         <name>.text:knn_classification</name>
         <load_address>0x120e2</load_address>
         <run_address>0x120e2</run_address>
         <size>0x262</size>
         <input_file_ref idref="fl-7"/>
      </object_component>
      <object_component id="oc-c29">
         <name>.text:acvt</name>
         <load_address>0x12344</load_address>
         <run_address>0x12344</run_address>
         <size>0x224</size>
         <input_file_ref idref="fl-87"/>
      </object_component>
      <object_component id="oc-857">
         <name>.text:__mspabi_divd</name>
         <load_address>0x12568</load_address>
         <run_address>0x12568</run_address>
         <size>0x222</size>
         <input_file_ref idref="fl-5e"/>
      </object_component>
      <object_component id="oc-b52">
         <name>.text:__TI_printfi:_getarg_diouxp___TI_printfi</name>
         <load_address>0x1278a</load_address>
         <run_address>0x1278a</run_address>
         <size>0x20c</size>
         <input_file_ref idref="fl-87"/>
      </object_component>
      <object_component id="oc-c02">
         <name>.text:ecvt</name>
         <load_address>0x12996</load_address>
         <run_address>0x12996</run_address>
         <size>0x1e6</size>
         <input_file_ref idref="fl-87"/>
      </object_component>
      <object_component id="oc-c15">
         <name>.text:fcvt</name>
         <load_address>0x12b7c</load_address>
         <run_address>0x12b7c</run_address>
         <size>0x1c8</size>
         <input_file_ref idref="fl-87"/>
      </object_component>
      <object_component id="oc-ba1">
         <name>.text:aligned_alloc</name>
         <load_address>0x12d44</load_address>
         <run_address>0x12d44</run_address>
         <size>0x1b6</size>
         <input_file_ref idref="fl-b1"/>
      </object_component>
      <object_component id="oc-b77">
         <name>.text:_pconv_e</name>
         <load_address>0x12efa</load_address>
         <run_address>0x12efa</run_address>
         <size>0x1aa</size>
         <input_file_ref idref="fl-87"/>
      </object_component>
      <object_component id="oc-889">
         <name>.text:qsort</name>
         <load_address>0x130a4</load_address>
         <run_address>0x130a4</run_address>
         <size>0x18e</size>
         <input_file_ref idref="fl-ac"/>
      </object_component>
      <object_component id="oc-830">
         <name>.text:clustering</name>
         <load_address>0x13232</load_address>
         <run_address>0x13232</run_address>
         <size>0x17a</size>
         <input_file_ref idref="fl-6"/>
      </object_component>
      <object_component id="oc-b7d">
         <name>.text:_pconv_a</name>
         <load_address>0x133ac</load_address>
         <run_address>0x133ac</run_address>
         <size>0x170</size>
         <input_file_ref idref="fl-87"/>
      </object_component>
      <object_component id="oc-93a">
         <name>.text:__TI_frcmpyd</name>
         <load_address>0x1351c</load_address>
         <run_address>0x1351c</run_address>
         <size>0x164</size>
         <input_file_ref idref="fl-67"/>
      </object_component>
      <object_component id="oc-b58">
         <name>.text:__TI_printfi:_ltostr___TI_printfi</name>
         <load_address>0x13680</load_address>
         <run_address>0x13680</run_address>
         <size>0x15e</size>
         <input_file_ref idref="fl-87"/>
      </object_component>
      <object_component id="oc-97b">
         <name>.text:fputs</name>
         <load_address>0x137de</load_address>
         <run_address>0x137de</run_address>
         <size>0x15a</size>
         <input_file_ref idref="fl-9b"/>
      </object_component>
      <object_component id="oc-cb6">
         <name>.text:scalbn</name>
         <load_address>0x13938</load_address>
         <run_address>0x13938</run_address>
         <size>0x15a</size>
         <input_file_ref idref="fl-9e"/>
      </object_component>
      <object_component id="oc-afc">
         <name>.text:free</name>
         <load_address>0x13a92</load_address>
         <run_address>0x13a92</run_address>
         <size>0x14c</size>
         <input_file_ref idref="fl-b1"/>
      </object_component>
      <object_component id="oc-ae0">
         <name>.text:__TI_printfi:_pproc_diouxp___TI_printfi</name>
         <load_address>0x13bde</load_address>
         <run_address>0x13bde</run_address>
         <size>0x148</size>
         <input_file_ref idref="fl-87"/>
      </object_component>
      <object_component id="oc-869">
         <name>.text</name>
         <load_address>0x13d26</load_address>
         <run_address>0x13d26</run_address>
         <size>0x132</size>
         <input_file_ref idref="fl-5b"/>
      </object_component>
      <object_component id="oc-b6b">
         <name>.text:_pconv_g</name>
         <load_address>0x13e58</load_address>
         <run_address>0x13e58</run_address>
         <size>0xfc</size>
         <input_file_ref idref="fl-87"/>
      </object_component>
      <object_component id="oc-a94">
         <name>.text:setvbuf</name>
         <load_address>0x13f54</load_address>
         <run_address>0x13f54</run_address>
         <size>0xfa</size>
         <input_file_ref idref="fl-ad"/>
      </object_component>
      <object_component id="oc-a62">
         <name>.text:__TI_printfi:_pproc_fwp___TI_printfi</name>
         <load_address>0x1404e</load_address>
         <run_address>0x1404e</run_address>
         <size>0xea</size>
         <input_file_ref idref="fl-87"/>
      </object_component>
      <object_component id="oc-8fb">
         <name>.text:kmeanspp</name>
         <load_address>0x14138</load_address>
         <run_address>0x14138</run_address>
         <size>0xe0</size>
         <input_file_ref idref="fl-6"/>
      </object_component>
      <object_component id="oc-b83">
         <name>.text:__mspabi_cmpd</name>
         <load_address>0x14218</load_address>
         <run_address>0x14218</run_address>
         <size>0xd8</size>
         <input_file_ref idref="fl-89"/>
      </object_component>
      <object_component id="oc-a74">
         <name>.text:__TI_printfi:_pproc_wstr___TI_printfi</name>
         <load_address>0x142f0</load_address>
         <run_address>0x142f0</run_address>
         <size>0xd6</size>
         <input_file_ref idref="fl-87"/>
      </object_component>
      <object_component id="oc-7b0">
         <name>.text:pipeline</name>
         <load_address>0x143c6</load_address>
         <run_address>0x143c6</run_address>
         <size>0xd4</size>
         <input_file_ref idref="fl-a"/>
      </object_component>
      <object_component id="oc-c3c">
         <name>.text:split</name>
         <load_address>0x1449a</load_address>
         <run_address>0x1449a</run_address>
         <size>0xc2</size>
         <input_file_ref idref="fl-b1"/>
      </object_component>
      <object_component id="oc-83f">
         <name>.text:update_centroids</name>
         <load_address>0x1455c</load_address>
         <run_address>0x1455c</run_address>
         <size>0xbc</size>
         <input_file_ref idref="fl-6"/>
      </object_component>
      <object_component id="oc-86e">
         <name>.text</name>
         <load_address>0x14618</load_address>
         <run_address>0x14618</run_address>
         <size>0xb8</size>
         <input_file_ref idref="fl-68"/>
      </object_component>
      <object_component id="oc-a6e">
         <name>.text:__TI_printfi:_pproc_str___TI_printfi</name>
         <load_address>0x146d0</load_address>
         <run_address>0x146d0</run_address>
         <size>0xb4</size>
         <input_file_ref idref="fl-87"/>
      </object_component>
      <object_component id="oc-c0e">
         <name>.text:_mcpy</name>
         <load_address>0x14784</load_address>
         <run_address>0x14784</run_address>
         <size>0xb4</size>
         <input_file_ref idref="fl-87"/>
      </object_component>
      <object_component id="oc-863">
         <name>.text:__mspabi_cvtdf</name>
         <load_address>0x14838</load_address>
         <run_address>0x14838</run_address>
         <size>0xb2</size>
         <input_file_ref idref="fl-5c"/>
      </object_component>
      <object_component id="oc-824">
         <name>.text:initial_centroids</name>
         <load_address>0x148ea</load_address>
         <run_address>0x148ea</run_address>
         <size>0xa8</size>
         <input_file_ref idref="fl-6"/>
      </object_component>
      <object_component id="oc-c23">
         <name>.text:frexp</name>
         <load_address>0x14992</load_address>
         <run_address>0x14992</run_address>
         <size>0xa6</size>
         <input_file_ref idref="fl-9c"/>
      </object_component>
      <object_component id="oc-c92">
         <name>.text:__mspabi_fltlid</name>
         <load_address>0x14a38</load_address>
         <run_address>0x14a38</run_address>
         <size>0x9e</size>
         <input_file_ref idref="fl-8e"/>
      </object_component>
      <object_component id="oc-bcc">
         <name>.text:HOSTlseek</name>
         <load_address>0x14ad6</load_address>
         <run_address>0x14ad6</run_address>
         <size>0x9a</size>
         <input_file_ref idref="fl-a3"/>
      </object_component>
      <object_component id="oc-c8c">
         <name>.text:__TI_ltoa</name>
         <load_address>0x14b70</load_address>
         <run_address>0x14b70</run_address>
         <size>0x96</size>
         <input_file_ref idref="fl-88"/>
      </object_component>
      <object_component id="oc-c08">
         <name>.text:_ecpy</name>
         <load_address>0x14c06</load_address>
         <run_address>0x14c06</run_address>
         <size>0x90</size>
         <input_file_ref idref="fl-87"/>
      </object_component>
      <object_component id="oc-982">
         <name>.text:fputc</name>
         <load_address>0x14c96</load_address>
         <run_address>0x14c96</run_address>
         <size>0x90</size>
         <input_file_ref idref="fl-98"/>
      </object_component>
      <object_component id="oc-911">
         <name>.text</name>
         <load_address>0x14d26</load_address>
         <run_address>0x14d26</run_address>
         <size>0x90</size>
         <input_file_ref idref="fl-60"/>
      </object_component>
      <object_component id="oc-a14">
         <name>.text:__TI_wrt_ok</name>
         <load_address>0x14db6</load_address>
         <run_address>0x14db6</run_address>
         <size>0x86</size>
         <input_file_ref idref="fl-9a"/>
      </object_component>
      <object_component id="oc-9d5">
         <name>.text:f_div</name>
         <load_address>0x14e3c</load_address>
         <run_address>0x14e3c</run_address>
         <size>0x86</size>
         <input_file_ref idref="fl-5"/>
      </object_component>
      <object_component id="oc-87d">
         <name>.text:f_div</name>
         <load_address>0x14ec2</load_address>
         <run_address>0x14ec2</run_address>
         <size>0x86</size>
         <input_file_ref idref="fl-7"/>
      </object_component>
      <object_component id="oc-873">
         <name>.text</name>
         <load_address>0x14f48</load_address>
         <run_address>0x14f48</run_address>
         <size>0x7e</size>
         <input_file_ref idref="fl-63"/>
      </object_component>
      <object_component id="oc-7e5">
         <name>.text:__TI_auto_init_nobinit_nopinit_hold_wdt:__TI_auto_init_nobinit_nopinit_hold_wdt</name>
         <load_address>0x14fc6</load_address>
         <run_address>0x14fc6</run_address>
         <size>0x78</size>
         <input_file_ref idref="fl-7c"/>
      </object_component>
      <object_component id="oc-b71">
         <name>.text:_pconv_f</name>
         <load_address>0x1503e</load_address>
         <run_address>0x1503e</run_address>
         <size>0x78</size>
         <input_file_ref idref="fl-87"/>
      </object_component>
      <object_component id="oc-84">
         <name>.text:decompress:lzss:__TI_decompress_lzss</name>
         <load_address>0x150b6</load_address>
         <run_address>0x150b6</run_address>
         <size>0x76</size>
         <input_file_ref idref="fl-32"/>
      </object_component>
      <object_component id="oc-bd8">
         <name>.text:HOSTrename</name>
         <load_address>0x1512c</load_address>
         <run_address>0x1512c</run_address>
         <size>0x74</size>
         <input_file_ref idref="fl-a6"/>
      </object_component>
      <object_component id="oc-ba8">
         <name>.text:__TI_closefile</name>
         <load_address>0x151a0</load_address>
         <run_address>0x151a0</run_address>
         <size>0x74</size>
         <input_file_ref idref="fl-af"/>
      </object_component>
      <object_component id="oc-a8e">
         <name>.text:fseeko</name>
         <load_address>0x15214</load_address>
         <run_address>0x15214</run_address>
         <size>0x74</size>
         <input_file_ref idref="fl-9d"/>
      </object_component>
      <object_component id="oc-90a">
         <name>.text:f_sqrt</name>
         <load_address>0x15288</load_address>
         <run_address>0x15288</run_address>
         <size>0x72</size>
         <input_file_ref idref="fl-5"/>
      </object_component>
      <object_component id="oc-836">
         <name>.text:update_cluster_assignment</name>
         <load_address>0x152fa</load_address>
         <run_address>0x152fa</run_address>
         <size>0x72</size>
         <input_file_ref idref="fl-6"/>
      </object_component>
      <object_component id="oc-bb4">
         <name>.text:HOSTopen</name>
         <load_address>0x1536c</load_address>
         <run_address>0x1536c</run_address>
         <size>0x70</size>
         <input_file_ref idref="fl-a4"/>
      </object_component>
      <object_component id="oc-bc6">
         <name>.text:HOSTwrite</name>
         <load_address>0x153dc</load_address>
         <run_address>0x153dc</run_address>
         <size>0x6c</size>
         <input_file_ref idref="fl-a8"/>
      </object_component>
      <object_component id="oc-bc0">
         <name>.text:HOSTread</name>
         <load_address>0x15448</load_address>
         <run_address>0x15448</run_address>
         <size>0x6a</size>
         <input_file_ref idref="fl-a5"/>
      </object_component>
      <object_component id="oc-c86">
         <name>.text:__mspabi_fixdli</name>
         <load_address>0x154b2</load_address>
         <run_address>0x154b2</run_address>
         <size>0x66</size>
         <input_file_ref idref="fl-8c"/>
      </object_component>
      <object_component id="oc-851">
         <name>.text:__mspabi_cvtfd</name>
         <load_address>0x15518</load_address>
         <run_address>0x15518</run_address>
         <size>0x64</size>
         <input_file_ref idref="fl-5d"/>
      </object_component>
      <object_component id="oc-ac6">
         <name>.text:atoi</name>
         <load_address>0x1557c</load_address>
         <run_address>0x1557c</run_address>
         <size>0x62</size>
         <input_file_ref idref="fl-95"/>
      </object_component>
      <object_component id="oc-cd0">
         <name>.text:getdevice</name>
         <load_address>0x155de</load_address>
         <run_address>0x155de</run_address>
         <size>0x62</size>
         <input_file_ref idref="fl-b3"/>
      </object_component>
      <object_component id="oc-a26">
         <name>.text:__TI_doflush</name>
         <load_address>0x15640</load_address>
         <run_address>0x15640</run_address>
         <size>0x60</size>
         <input_file_ref idref="fl-99"/>
      </object_component>
      <object_component id="oc-9ef">
         <name>.text:__mpyll</name>
         <load_address>0x156a0</load_address>
         <run_address>0x156a0</run_address>
         <size>0x5c</size>
         <input_file_ref idref="fl-6e"/>
      </object_component>
      <object_component id="oc-c43">
         <name>.text:close</name>
         <load_address>0x156fc</load_address>
         <run_address>0x156fc</run_address>
         <size>0x5a</size>
         <input_file_ref idref="fl-b0"/>
      </object_component>
      <object_component id="oc-a05">
         <name>.text</name>
         <load_address>0x15756</load_address>
         <run_address>0x15756</run_address>
         <size>0x58</size>
         <input_file_ref idref="fl-62"/>
      </object_component>
      <object_component id="oc-bba">
         <name>.text:HOSTclose</name>
         <load_address>0x157ae</load_address>
         <run_address>0x157ae</run_address>
         <size>0x4e</size>
         <input_file_ref idref="fl-a2"/>
      </object_component>
      <object_component id="oc-c1b">
         <name>.text:_fcpy</name>
         <load_address>0x157fc</load_address>
         <run_address>0x157fc</run_address>
         <size>0x4e</size>
         <input_file_ref idref="fl-87"/>
      </object_component>
      <object_component id="oc-9cf">
         <name>.text:f_mul</name>
         <load_address>0x1584a</load_address>
         <run_address>0x1584a</run_address>
         <size>0x4e</size>
         <input_file_ref idref="fl-5"/>
      </object_component>
      <object_component id="oc-904">
         <name>.text:f_mul</name>
         <load_address>0x15898</load_address>
         <run_address>0x15898</run_address>
         <size>0x4e</size>
         <input_file_ref idref="fl-6"/>
      </object_component>
      <object_component id="oc-d15">
         <name>.text:strncpy</name>
         <load_address>0x158e6</load_address>
         <run_address>0x158e6</run_address>
         <size>0x4e</size>
         <input_file_ref idref="fl-b9"/>
      </object_component>
      <object_component id="oc-7c7">
         <name>.text:exit</name>
         <load_address>0x15934</load_address>
         <run_address>0x15934</run_address>
         <size>0x4a</size>
         <input_file_ref idref="fl-80"/>
      </object_component>
      <object_component id="oc-7aa">
         <name>.text:printf</name>
         <load_address>0x1597e</load_address>
         <run_address>0x1597e</run_address>
         <size>0x4a</size>
         <input_file_ref idref="fl-86"/>
      </object_component>
      <object_component id="oc-84c">
         <name>.text</name>
         <load_address>0x159c8</load_address>
         <run_address>0x159c8</run_address>
         <size>0x4a</size>
         <input_file_ref idref="fl-64"/>
      </object_component>
      <object_component id="oc-800">
         <name>.text:rtc_init</name>
         <load_address>0x15a12</load_address>
         <run_address>0x15a12</run_address>
         <size>0x48</size>
         <input_file_ref idref="fl-9"/>
      </object_component>
      <object_component id="oc-bd2">
         <name>.text:HOSTunlink</name>
         <load_address>0x15a5a</load_address>
         <run_address>0x15a5a</run_address>
         <size>0x46</size>
         <input_file_ref idref="fl-a7"/>
      </object_component>
      <object_component id="oc-b9a">
         <name>.text:free_list_insert</name>
         <load_address>0x15aa0</load_address>
         <run_address>0x15aa0</run_address>
         <size>0x46</size>
         <input_file_ref idref="fl-b1"/>
      </object_component>
      <object_component id="oc-d34">
         <name>.text:__mspabi_srall</name>
         <load_address>0x15ae6</load_address>
         <run_address>0x15ae6</run_address>
         <size>0x40</size>
         <input_file_ref idref="fl-92"/>
      </object_component>
      <object_component id="oc-94e">
         <name>.text</name>
         <load_address>0x15b26</load_address>
         <run_address>0x15b26</run_address>
         <size>0x40</size>
         <input_file_ref idref="fl-61"/>
      </object_component>
      <object_component id="oc-8c0">
         <name>.text:l_asr_const</name>
         <load_address>0x15b66</load_address>
         <run_address>0x15b66</run_address>
         <size>0x3e</size>
         <input_file_ref idref="fl-76"/>
      </object_component>
      <object_component id="oc-942">
         <name>.text:l_lsl_const</name>
         <load_address>0x15ba4</load_address>
         <run_address>0x15ba4</run_address>
         <size>0x3e</size>
         <input_file_ref idref="fl-74"/>
      </object_component>
      <object_component id="oc-9e0">
         <name>.text:l_lsr_const</name>
         <load_address>0x15be2</load_address>
         <run_address>0x15be2</run_address>
         <size>0x3e</size>
         <input_file_ref idref="fl-77"/>
      </object_component>
      <object_component id="oc-aef">
         <name>.text:lseek</name>
         <load_address>0x15c20</load_address>
         <run_address>0x15c20</run_address>
         <size>0x3e</size>
         <input_file_ref idref="fl-a0"/>
      </object_component>
      <object_component id="oc-6d8">
         <name>.text:memcpy</name>
         <load_address>0x15c5e</load_address>
         <run_address>0x15c5e</run_address>
         <size>0x3c</size>
         <input_file_ref idref="fl-84"/>
      </object_component>
      <object_component id="oc-a2c">
         <name>.text:write</name>
         <load_address>0x15c9a</load_address>
         <run_address>0x15c9a</run_address>
         <size>0x3c</size>
         <input_file_ref idref="fl-bd"/>
      </object_component>
      <object_component id="oc-9e9">
         <name>.text:__mspabi_sllll</name>
         <load_address>0x15cd6</load_address>
         <run_address>0x15cd6</run_address>
         <size>0x3a</size>
         <input_file_ref idref="fl-75"/>
      </object_component>
      <object_component id="oc-9f9">
         <name>.text:__mspabi_srlll</name>
         <load_address>0x15d10</load_address>
         <run_address>0x15d10</run_address>
         <size>0x3a</size>
         <input_file_ref idref="fl-78"/>
      </object_component>
      <object_component id="oc-b08">
         <name>.text:__TI_cleanup</name>
         <load_address>0x15d4a</load_address>
         <run_address>0x15d4a</run_address>
         <size>0x36</size>
         <input_file_ref idref="fl-ae"/>
      </object_component>
      <object_component id="oc-c57">
         <name>.text:__TI_writemsg</name>
         <load_address>0x15d80</load_address>
         <run_address>0x15d80</run_address>
         <size>0x36</size>
         <input_file_ref idref="fl-a9"/>
      </object_component>
      <object_component id="oc-d1b">
         <name>.text:finddevice</name>
         <load_address>0x15db6</load_address>
         <run_address>0x15db6</run_address>
         <size>0x36</size>
         <input_file_ref idref="fl-b3"/>
      </object_component>
      <object_component id="oc-ab2">
         <name>.text:memccpy</name>
         <load_address>0x15dec</load_address>
         <run_address>0x15dec</run_address>
         <size>0x34</size>
         <input_file_ref idref="fl-aa"/>
      </object_component>
      <object_component id="oc-845">
         <name>.text:memcmp</name>
         <load_address>0x15e20</load_address>
         <run_address>0x15e20</run_address>
         <size>0x34</size>
         <input_file_ref idref="fl-83"/>
      </object_component>
      <object_component id="oc-c5d">
         <name>.text:__TI_readmsg</name>
         <load_address>0x15e54</load_address>
         <run_address>0x15e54</run_address>
         <size>0x32</size>
         <input_file_ref idref="fl-a9"/>
      </object_component>
      <object_component id="oc-c98">
         <name>.text:__mspabi_subd</name>
         <load_address>0x15e86</load_address>
         <run_address>0x15e86</run_address>
         <size>0x32</size>
         <input_file_ref idref="fl-90"/>
      </object_component>
      <object_component id="oc-883">
         <name>.text:struct_cmp_by_score_dec</name>
         <load_address>0x15eb8</load_address>
         <run_address>0x15eb8</run_address>
         <size>0x32</size>
         <input_file_ref idref="fl-7"/>
      </object_component>
      <object_component id="oc-c4a">
         <name>.text:unlink</name>
         <load_address>0x15eea</load_address>
         <run_address>0x15eea</run_address>
         <size>0x30</size>
         <input_file_ref idref="fl-bb"/>
      </object_component>
      <object_component id="oc-b65">
         <name>.text:__mspabi_negd</name>
         <load_address>0x15f1a</load_address>
         <run_address>0x15f1a</run_address>
         <size>0x2e</size>
         <input_file_ref idref="fl-8f"/>
      </object_component>
      <object_component id="oc-d08">
         <name>.text:copysign</name>
         <load_address>0x15f48</load_address>
         <run_address>0x15f48</run_address>
         <size>0x2e</size>
         <input_file_ref idref="fl-9f"/>
      </object_component>
      <object_component id="oc-75b">
         <name>.text:__mpu_init</name>
         <load_address>0x15f76</load_address>
         <run_address>0x15f76</run_address>
         <size>0x2c</size>
         <input_file_ref idref="fl-7a"/>
      </object_component>
      <object_component id="oc-9f4">
         <name>.text:__mpyull</name>
         <load_address>0x15fa2</load_address>
         <run_address>0x15fa2</run_address>
         <size>0x2c</size>
         <input_file_ref idref="fl-70"/>
      </object_component>
      <object_component id="oc-b94">
         <name>.text:free_list_remove</name>
         <load_address>0x15fce</load_address>
         <run_address>0x15fce</run_address>
         <size>0x2a</size>
         <input_file_ref idref="fl-b1"/>
      </object_component>
      <object_component id="oc-c9e">
         <name>.text:__mspabi_fixdi</name>
         <load_address>0x15ff8</load_address>
         <run_address>0x15ff8</run_address>
         <size>0x28</size>
         <input_file_ref idref="fl-8b"/>
      </object_component>
      <object_component id="oc-ad5">
         <name>.text:wcslen</name>
         <load_address>0x16020</load_address>
         <run_address>0x16020</run_address>
         <size>0x28</size>
         <input_file_ref idref="fl-bc"/>
      </object_component>
      <object_component id="oc-95a">
         <name>.text:swap_item</name>
         <load_address>0x16048</load_address>
         <run_address>0x16048</run_address>
         <size>0x26</size>
         <input_file_ref idref="fl-ac"/>
      </object_component>
      <object_component id="oc-6ea">
         <name>.text:decompress:ZI:__TI_zero_init_nomemset:__TI_zero_init_nomemset</name>
         <load_address>0x1606e</load_address>
         <run_address>0x1606e</run_address>
         <size>0x24</size>
         <input_file_ref idref="fl-5a"/>
      </object_component>
      <object_component id="oc-91e">
         <name>.text</name>
         <load_address>0x16092</load_address>
         <run_address>0x16092</run_address>
         <size>0x24</size>
         <input_file_ref idref="fl-65"/>
      </object_component>
      <object_component id="oc-955">
         <name>.text</name>
         <load_address>0x160b6</load_address>
         <run_address>0x160b6</run_address>
         <size>0x24</size>
         <input_file_ref idref="fl-6c"/>
      </object_component>
      <object_component id="oc-a20">
         <name>.text:memchr</name>
         <load_address>0x160da</load_address>
         <run_address>0x160da</run_address>
         <size>0x20</size>
         <input_file_ref idref="fl-ab"/>
      </object_component>
      <object_component id="oc-82a">
         <name>.text:memset</name>
         <load_address>0x160fa</load_address>
         <run_address>0x160fa</run_address>
         <size>0x20</size>
         <input_file_ref idref="fl-85"/>
      </object_component>
      <object_component id="oc-cbc">
         <name>.text:strchr</name>
         <load_address>0x1611a</load_address>
         <run_address>0x1611a</run_address>
         <size>0x1c</size>
         <input_file_ref idref="fl-b5"/>
      </object_component>
      <object_component id="oc-d43">
         <name>.text:strcmp</name>
         <load_address>0x16136</load_address>
         <run_address>0x16136</run_address>
         <size>0x1c</size>
         <input_file_ref idref="fl-b6"/>
      </object_component>
      <object_component id="oc-798">
         <name>.text</name>
         <load_address>0x16152</load_address>
         <run_address>0x16152</run_address>
         <size>0x18</size>
         <input_file_ref idref="fl-6a"/>
      </object_component>
      <object_component id="oc-8a">
         <name>.text:decompress:none:__TI_decompress_none</name>
         <load_address>0x1616a</load_address>
         <run_address>0x1616a</run_address>
         <size>0x16</size>
         <input_file_ref idref="fl-33"/>
      </object_component>
      <object_component id="oc-b8e">
         <name>.text:heap_start</name>
         <load_address>0x16180</load_address>
         <run_address>0x16180</run_address>
         <size>0x16</size>
         <input_file_ref idref="fl-b1"/>
      </object_component>
      <object_component id="oc-8f6">
         <name>.text</name>
         <load_address>0x16196</load_address>
         <run_address>0x16196</run_address>
         <size>0x16</size>
         <input_file_ref idref="fl-73"/>
      </object_component>
      <object_component id="oc-c6e">
         <name>.text:strcpy</name>
         <load_address>0x161ac</load_address>
         <run_address>0x161ac</run_address>
         <size>0x12</size>
         <input_file_ref idref="fl-b7"/>
      </object_component>
      <object_component id="oc-a1a">
         <name>.text:strlen</name>
         <load_address>0x161be</load_address>
         <run_address>0x161be</run_address>
         <size>0x12</size>
         <input_file_ref idref="fl-b8"/>
      </object_component>
      <object_component id="oc-b5f">
         <name>.text:toupper</name>
         <load_address>0x161d0</load_address>
         <run_address>0x161d0</run_address>
         <size>0x12</size>
         <input_file_ref idref="fl-ba"/>
      </object_component>
      <object_component id="oc-77d">
         <name>.text:RTC_start</name>
         <load_address>0x161e2</load_address>
         <run_address>0x161e2</run_address>
         <size>0x10</size>
         <input_file_ref idref="fl-9"/>
      </object_component>
      <object_component id="oc-c7d">
         <name>.text:l_lsr</name>
         <load_address>0x161f2</load_address>
         <run_address>0x161f2</run_address>
         <size>0x10</size>
         <input_file_ref idref="fl-77"/>
      </object_component>
      <object_component id="oc-cc2">
         <name>.text:__mspabi_fltid</name>
         <load_address>0x16202</load_address>
         <run_address>0x16202</run_address>
         <size>0xc</size>
         <input_file_ref idref="fl-8d"/>
      </object_component>
      <object_component id="oc-b02">
         <name>.text:malloc</name>
         <load_address>0x1620e</load_address>
         <run_address>0x1620e</run_address>
         <size>0xc</size>
         <input_file_ref idref="fl-b1"/>
      </object_component>
      <object_component id="oc-8f0">
         <name>.text:random_number</name>
         <load_address>0x1621a</load_address>
         <run_address>0x1621a</run_address>
         <size>0xc</size>
         <input_file_ref idref="fl-9"/>
      </object_component>
      <object_component id="oc-ca5">
         <name>.text:abs</name>
         <load_address>0x16226</load_address>
         <run_address>0x16226</run_address>
         <size>0xa</size>
         <input_file_ref idref="fl-94"/>
      </object_component>
      <object_component id="oc-89f">
         <name>.text:_outc</name>
         <load_address>0x16230</load_address>
         <run_address>0x16230</run_address>
         <size>0x6</size>
         <input_file_ref idref="fl-86"/>
      </object_component>
      <object_component id="oc-7c1">
         <name>.text:abort</name>
         <load_address>0x16236</load_address>
         <run_address>0x16236</run_address>
         <size>0x6</size>
         <input_file_ref idref="fl-80"/>
      </object_component>
      <object_component id="oc-899">
         <name>.text:_outs</name>
         <load_address>0x1623c</load_address>
         <run_address>0x1623c</run_address>
         <size>0x4</size>
         <input_file_ref idref="fl-86"/>
      </object_component>
      <object_component id="oc-743">
         <name>.text:_system_pre_init</name>
         <load_address>0x16240</load_address>
         <run_address>0x16240</run_address>
         <size>0x4</size>
         <input_file_ref idref="fl-7e"/>
      </object_component>
      <object_component id="oc-96e">
         <name>.text:_nop</name>
         <load_address>0x16244</load_address>
         <run_address>0x16244</run_address>
         <size>0x2</size>
         <input_file_ref idref="fl-82"/>
      </object_component>
      <object_component id="oc-8c5">
         <name>.text:_system_post_cinit</name>
         <load_address>0x16246</load_address>
         <run_address>0x16246</run_address>
         <size>0x2</size>
         <input_file_ref idref="fl-7d"/>
      </object_component>
      <object_component id="oc-c34">
         <name>.bss</name>
         <uninitialized>true</uninitialized>
         <run_address>0x1e9c</run_address>
         <size>0x4</size>
         <input_file_ref idref="fl-b1"/>
      </object_component>
      <object_component id="oc-84b">
         <name>.common:cluster_assignment</name>
         <uninitialized>true</uninitialized>
         <run_address>0x1e54</run_address>
         <size>0x20</size>
      </object_component>
      <object_component id="oc-83c">
         <name>.common:prev_centroids</name>
         <uninitialized>true</uninitialized>
         <run_address>0x1e74</run_address>
         <size>0x20</size>
      </object_component>
      <object_component id="oc-789">
         <name>.common:centroids</name>
         <uninitialized>true</uninitialized>
         <run_address>0x1e34</run_address>
         <size>0x20</size>
      </object_component>
      <object_component id="oc-806">
         <name>.common:random_num</name>
         <uninitialized>true</uninitialized>
         <run_address>0x1ea2</run_address>
         <size>0x2</size>
      </object_component>
      <object_component id="oc-8ab">
         <name>.common:pred_class</name>
         <uninitialized>true</uninitialized>
         <run_address>0x1ea0</run_address>
         <size>0x2</size>
      </object_component>
      <object_component id="oc-c49">
         <name>.common:__TI_tmpnams</name>
         <uninitialized>true</uninitialized>
         <run_address>0x1d94</run_address>
         <size>0xa0</size>
      </object_component>
      <object_component id="oc-c54">
         <name>.common:parmbuf</name>
         <uninitialized>true</uninitialized>
         <run_address>0x1e94</run_address>
         <size>0x8</size>
      </object_component>
      <object_component id="oc-8b5">
         <name>.data</name>
         <load_address>0x1d90</load_address>
         <run_address>0x1d90</run_address>
         <size>0x2</size>
         <input_file_ref idref="fl-80"/>
      </object_component>
      <object_component id="oc-8bb">
         <name>.data:__TI_cleanup_ptr</name>
         <load_address>0x1d7c</load_address>
         <run_address>0x1d7c</run_address>
         <size>0x4</size>
         <input_file_ref idref="fl-81"/>
      </object_component>
      <object_component id="oc-8b8">
         <name>.data:__TI_dtors_ptr</name>
         <load_address>0x1d80</load_address>
         <run_address>0x1d80</run_address>
         <size>0x4</size>
         <input_file_ref idref="fl-81"/>
      </object_component>
      <object_component id="oc-893">
         <name>.data:_lock</name>
         <load_address>0x1d84</load_address>
         <run_address>0x1d84</run_address>
         <size>0x4</size>
         <input_file_ref idref="fl-82"/>
      </object_component>
      <object_component id="oc-8a6">
         <name>.data:_unlock</name>
         <load_address>0x1d88</load_address>
         <run_address>0x1d88</run_address>
         <size>0x4</size>
         <input_file_ref idref="fl-82"/>
      </object_component>
      <object_component id="oc-896">
         <name>.data:_ftable</name>
         <load_address>0x1c00</load_address>
[...]
         <name>__mspabi_slll_11</name>
         <value>0x15bb4</value>
         <object_component_ref idref="oc-942"/>
      </symbol>
      <symbol id="sm-a2b">
         <name>__mspabi_slll_10</name>
         <value>0x15bb8</value>
         <object_component_ref idref="oc-942"/>
      </symbol>
      <symbol id="sm-a38">
         <name>__mspabi_sllll</name>
         <value>0x15cd6</value>
         <object_component_ref idref="oc-9e9"/>
      </symbol>
      <symbol id="sm-a40">
         <name>__mspabi_sral_15</name>
         <value>0x15b66</value>
         <object_component_ref idref="oc-8c0"/>
      </symbol>
      <symbol id="sm-a41">
         <name>__mspabi_sral_14</name>
         <value>0x15b6a</value>
         <object_component_ref idref="oc-8c0"/>
      </symbol>
      <symbol id="sm-a42">
         <name>__mspabi_sral_13</name>
         <value>0x15b6e</value>
         <object_component_ref idref="oc-8c0"/>
      </symbol>
      <symbol id="sm-a43">
         <name>__mspabi_sral_12</name>
         <value>0x15b72</value>
         <object_component_ref idref="oc-8c0"/>
      </symbol>
      <symbol id="sm-a44">
         <name>__mspabi_sral_11</name>
         <value>0x15b76</value>
         <object_component_ref idref="oc-8c0"/>
      </symbol>
      <symbol id="sm-a45">
         <name>__mspabi_sral_10</name>
         <value>0x15b7a</value>
         <object_component_ref idref="oc-8c0"/>
      </symbol>
      <symbol id="sm-a46">
         <name>__mspabi_sral_8</name>
         <value>0x15b82</value>
         <object_component_ref idref="oc-8c0"/>
      </symbol>
      <symbol id="sm-a47">
         <name>__mspabi_sral_9</name>
         <value>0x15b7e</value>
         <object_component_ref idref="oc-8c0"/>
      </symbol>
      <symbol id="sm-a48">
         <name>__mspabi_sral_6</name>
         <value>0x15b8a</value>
         <object_component_ref idref="oc-8c0"/>
      </symbol>
      <symbol id="sm-a49">
         <name>__mspabi_sral_7</name>
         <value>0x15b86</value>
         <object_component_ref idref="oc-8c0"/>
      </symbol>
      <symbol id="sm-a4a">
         <name>__mspabi_sral_4</name>
         <value>0x15b92</value>
         <object_component_ref idref="oc-8c0"/>
      </symbol>
      <symbol id="sm-a4b">
         <name>__mspabi_sral_5</name>
         <value>0x15b8e</value>
         <object_component_ref idref="oc-8c0"/>
      </symbol>
      <symbol id="sm-a4c">
         <name>__mspabi_sral_2</name>
         <value>0x15b9a</value>
         <object_component_ref idref="oc-8c0"/>
      </symbol>
      <symbol id="sm-a4d">
         <name>__mspabi_sral_3</name>
         <value>0x15b96</value>
         <object_component_ref idref="oc-8c0"/>
      </symbol>
      <symbol id="sm-a4e">
         <name>__mspabi_sral_1</name>
         <value>0x15b9e</value>
         <object_component_ref idref="oc-8c0"/>
      </symbol>
      <symbol id="sm-a5e">
         <name>__mspabi_srll_8</name>
         <value>0x15bfe</value>
         <object_component_ref idref="oc-9e0"/>
      </symbol>
      <symbol id="sm-a5f">
         <name>__mspabi_srll_9</name>
         <value>0x15bfa</value>
         <object_component_ref idref="oc-9e0"/>
      </symbol>
      <symbol id="sm-a60">
         <name>__mspabi_srll_6</name>
         <value>0x15c06</value>
         <object_component_ref idref="oc-9e0"/>
      </symbol>
      <symbol id="sm-a61">
         <name>__mspabi_srll_7</name>
         <value>0x15c02</value>
         <object_component_ref idref="oc-9e0"/>
      </symbol>
      <symbol id="sm-a62">
         <name>__mspabi_srll_4</name>
         <value>0x15c0e</value>
         <object_component_ref idref="oc-9e0"/>
      </symbol>
      <symbol id="sm-a63">
         <name>__mspabi_srll_5</name>
         <value>0x15c0a</value>
         <object_component_ref idref="oc-9e0"/>
      </symbol>
      <symbol id="sm-a64">
         <name>__mspabi_srll_2</name>
         <value>0x15c16</value>
         <object_component_ref idref="oc-9e0"/>
      </symbol>
      <symbol id="sm-a65">
         <name>__mspabi_srll_3</name>
         <value>0x15c12</value>
         <object_component_ref idref="oc-9e0"/>
      </symbol>
      <symbol id="sm-a66">
         <name>__mspabi_srll_1</name>
         <value>0x15c1a</value>
         <object_component_ref idref="oc-9e0"/>
      </symbol>
      <symbol id="sm-a67">
         <name>__mspabi_srll_15</name>
         <value>0x15be2</value>
         <object_component_ref idref="oc-9e0"/>
      </symbol>
      <symbol id="sm-a68">
         <name>__mspabi_srll_14</name>
         <value>0x15be6</value>
         <object_component_ref idref="oc-9e0"/>
      </symbol>
      <symbol id="sm-a69">
         <name>__mspabi_srll_13</name>
         <value>0x15bea</value>
         <object_component_ref idref="oc-9e0"/>
      </symbol>
      <symbol id="sm-a6a">
         <name>__mspabi_srll_12</name>
         <value>0x15bee</value>
         <object_component_ref idref="oc-9e0"/>
      </symbol>
      <symbol id="sm-a6b">
         <name>__mspabi_srll_11</name>
         <value>0x15bf2</value>
         <object_component_ref idref="oc-9e0"/>
      </symbol>
      <symbol id="sm-a6c">
         <name>__mspabi_srll_10</name>
         <value>0x15bf6</value>
         <object_component_ref idref="oc-9e0"/>
      </symbol>
      <symbol id="sm-a6d">
         <name>__mspabi_srll</name>
         <value>0x161f2</value>
         <object_component_ref idref="oc-c7d"/>
      </symbol>
      <symbol id="sm-a7a">
         <name>__mspabi_srlll</name>
         <value>0x15d10</value>
         <object_component_ref idref="oc-9f9"/>
      </symbol>
      <symbol id="sm-a8a">
         <name>_c_int00_noargs_mpu</name>
         <value>0x8400</value>
         <object_component_ref idref="oc-714"/>
      </symbol>
      <symbol id="sm-a8b">
         <name>_stack</name>
         <value>0x2ac0</value>
         <object_component_ref idref="oc-6c6"/>
      </symbol>
      <symbol id="sm-a8c">
         <name>_reset_vector</name>
         <value>0xfffe</value>
         <object_component_ref idref="oc-6c9"/>
      </symbol>
      <symbol id="sm-a95">
         <name>__mpu_init</name>
         <value>0x15f76</value>
         <object_component_ref idref="oc-75b"/>
      </symbol>
      <symbol id="sm-ab8">
         <name>__TI_auto_init_nobinit_nopinit_hold_wdt</name>
         <value>0x14fc6</value>
         <object_component_ref idref="oc-7e5"/>
      </symbol>
      <symbol id="sm-ac1">
         <name>_system_post_cinit</name>
         <value>0x16246</value>
         <object_component_ref idref="oc-8c5"/>
      </symbol>
      <symbol id="sm-aca">
         <name>_system_pre_init</name>
         <value>0x16240</value>
         <object_component_ref idref="oc-743"/>
      </symbol>
      <symbol id="sm-ae8">
         <name>C$$EXIT</name>
         <value>0x16236</value>
         <object_component_ref idref="oc-7c1"/>
      </symbol>
      <symbol id="sm-ae9">
         <name>abort</name>
         <value>0x16236</value>
         <object_component_ref idref="oc-7c1"/>
      </symbol>
      <symbol id="sm-aea">
         <name>__TI_enable_exit_profile_output</name>
         <value>0x1d90</value>
         <object_component_ref idref="oc-8b5"/>
      </symbol>
      <symbol id="sm-aeb">
         <name>exit</name>
         <value>0x15934</value>
         <object_component_ref idref="oc-7c7"/>
      </symbol>
      <symbol id="sm-afa">
         <name>__TI_dtors_ptr</name>
         <value>0x1d80</value>
         <object_component_ref idref="oc-8b8"/>
      </symbol>
      <symbol id="sm-afb">
         <name>__TI_cleanup_ptr</name>
         <value>0x1d7c</value>
         <object_component_ref idref="oc-8bb"/>
      </symbol>
      <symbol id="sm-b11">
         <name>_nop</name>
         <value>0x16244</value>
         <object_component_ref idref="oc-96e"/>
      </symbol>
      <symbol id="sm-b12">
         <name>_lock</name>
         <value>0x1d84</value>
         <object_component_ref idref="oc-893"/>
      </symbol>
      <symbol id="sm-b13">
         <name>_unlock</name>
         <value>0x1d88</value>
         <object_component_ref idref="oc-8a6"/>
      </symbol>
      <symbol id="sm-b28">
         <name>memcmp</name>
         <value>0x15e20</value>
         <object_component_ref idref="oc-845"/>
      </symbol>
      <symbol id="sm-b37">
         <name>memcpy</name>
         <value>0x15c5e</value>
         <object_component_ref idref="oc-6d8"/>
      </symbol>
      <symbol id="sm-b46">
         <name>memset</name>
         <value>0x160fa</value>
         <object_component_ref idref="oc-82a"/>
      </symbol>
      <symbol id="sm-b69">
         <name>printf</name>
         <value>0x1597e</value>
         <object_component_ref idref="oc-7aa"/>
      </symbol>
      <symbol id="sm-d40">
         <name>__TI_printfi</name>
         <value>0x11934</value>
         <object_component_ref idref="oc-995"/>
      </symbol>
      <symbol id="sm-d4f">
         <name>__TI_ltoa</name>
         <value>0x14b70</value>
         <object_component_ref idref="oc-c8c"/>
      </symbol>
      <symbol id="sm-d69">
         <name>__mspabi_cmpd</name>
         <value>0x14218</value>
         <object_component_ref idref="oc-b83"/>
      </symbol>
      <symbol id="sm-d9c">
         <name>__mspabi_divull</name>
         <value>0x112f8</value>
         <object_component_ref idref="oc-bef"/>
      </symbol>
      <symbol id="sm-da9">
         <name>__mspabi_fixdi</name>
         <value>0x15ff8</value>
         <object_component_ref idref="oc-c9e"/>
      </symbol>
      <symbol id="sm-db8">
         <name>__mspabi_fixdli</name>
         <value>0x154b2</value>
         <object_component_ref idref="oc-c86"/>
      </symbol>
      <symbol id="sm-dc1">
         <name>__mspabi_fltid</name>
         <value>0x16202</value>
         <object_component_ref idref="oc-cc2"/>
      </symbol>
      <symbol id="sm-dd9">
         <name>__mspabi_fltlid</name>
         <value>0x14a38</value>
         <object_component_ref idref="oc-c92"/>
      </symbol>
      <symbol id="sm-de2">
         <name>__mspabi_negd</name>
         <value>0x15f1a</value>
         <object_component_ref idref="oc-b65"/>
      </symbol>
      <symbol id="sm-deb">
         <name>__mspabi_subd</name>
         <value>0x15e86</value>
         <object_component_ref idref="oc-c98"/>
      </symbol>
      <symbol id="sm-e25">
         <name>__mspabi_addd</name>
         <value>0x10000</value>
         <object_component_ref idref="oc-cf8"/>
      </symbol>
      <symbol id="sm-e32">
         <name>__mspabi_srall</name>
         <value>0x15ae6</value>
         <object_component_ref idref="oc-d34"/>
      </symbol>
      <symbol id="sm-e42">
         <name>__TI_tmpnams</name>
         <value>0x1d94</value>
      </symbol>
      <symbol id="sm-e43">
         <name>_ftable</name>
         <value>0x1c00</value>
         <object_component_ref idref="oc-896"/>
      </symbol>
      <symbol id="sm-e44">
         <name>__TI_ft_end</name>
         <value>0x1d8c</value>
         <object_component_ref idref="oc-bae"/>
      </symbol>
      <symbol id="sm-e4e">
         <name>abs</name>
         <value>0x16226</value>
         <object_component_ref idref="oc-ca5"/>
      </symbol>
      <symbol id="sm-e61">
         <name>atoi</name>
         <value>0x1557c</value>
         <object_component_ref idref="oc-ac6"/>
      </symbol>
      <symbol id="sm-e6b">
         <name>_ctypes_</name>
         <value>0x8428</value>
         <object_component_ref idref="oc-b37"/>
      </symbol>
      <symbol id="sm-e72">
         <name>errno</name>
         <value>0x1d8e</value>
         <object_component_ref idref="oc-adb"/>
      </symbol>
      <symbol id="sm-e85">
         <name>putc</name>
         <value>0x14c96</value>
         <object_component_ref idref="oc-982"/>
      </symbol>
      <symbol id="sm-e86">
         <name>fputc</name>
         <value>0x14c96</value>
         <object_component_ref idref="oc-982"/>
      </symbol>
      <symbol id="sm-e97">
         <name>__TI_doflush</name>
         <value>0x15640</value>
         <object_component_ref idref="oc-a26"/>
      </symbol>
      <symbol id="sm-eaf">
         <name>__TI_wrt_ok</name>
         <value>0x14db6</value>
         <object_component_ref idref="oc-a14"/>
      </symbol>
      <symbol id="sm-ecb">
         <name>fputs</name>
         <value>0x137de</value>
         <object_component_ref idref="oc-97b"/>
      </symbol>
      <symbol id="sm-ee7">
         <name>frexpl</name>
         <value>0x14992</value>
         <object_component_ref idref="oc-c23"/>
      </symbol>
      <symbol id="sm-ee8">
         <name>frexp</name>
         <value>0x14992</value>
         <object_component_ref idref="oc-c23"/>
      </symbol>
      <symbol id="sm-efd">
         <name>fseeko</name>
         <value>0x15214</value>
         <object_component_ref idref="oc-a8e"/>
      </symbol>
      <symbol id="sm-efe">
         <name>fseek</name>
         <value>0x15214</value>
         <object_component_ref idref="oc-a8e"/>
      </symbol>
      <symbol id="sm-f17">
         <name>scalbn</name>
         <value>0x13938</value>
         <object_component_ref idref="oc-cb6"/>
      </symbol>
      <symbol id="sm-f18">
         <name>scalbnl</name>
         <value>0x13938</value>
         <object_component_ref idref="oc-cb6"/>
      </symbol>
      <symbol id="sm-f19">
         <name>ldexpl</name>
         <value>0x13938</value>
         <object_component_ref idref="oc-cb6"/>
      </symbol>
      <symbol id="sm-f1a">
         <name>ldexp</name>
         <value>0x13938</value>
         <object_component_ref idref="oc-cb6"/>
      </symbol>
      <symbol id="sm-f23">
         <name>copysign</name>
         <value>0x15f48</value>
         <object_component_ref idref="oc-d08"/>
      </symbol>
      <symbol id="sm-f24">
         <name>copysignl</name>
         <value>0x15f48</value>
         <object_component_ref idref="oc-d08"/>
      </symbol>
      <symbol id="sm-f3c">
         <name>lseek</name>
         <value>0x15c20</value>
         <object_component_ref idref="oc-aef"/>
      </symbol>
      <symbol id="sm-f4b">
         <name>_stream</name>
         <value>0x1d40</value>
         <object_component_ref idref="oc-aa2"/>
      </symbol>
      <symbol id="sm-f4c">
         <name>_device</name>
         <value>0x1cc8</value>
         <object_component_ref idref="oc-b1d"/>
      </symbol>
      <symbol id="sm-f58">
         <name>HOSTclose</name>
         <value>0x157ae</value>
         <object_component_ref idref="oc-bba"/>
      </symbol>
      <symbol id="sm-f64">
         <name>HOSTlseek</name>
         <value>0x14ad6</value>
         <object_component_ref idref="oc-bcc"/>
      </symbol>
      <symbol id="sm-f72">
         <name>parmbuf</name>
         <value>0x1e94</value>
      </symbol>
      <symbol id="sm-f73">
         <name>HOSTopen</name>
         <value>0x1536c</value>
         <object_component_ref idref="oc-bb4"/>
      </symbol>
      <symbol id="sm-f80">
         <name>HOSTread</name>
         <value>0x15448</value>
         <object_component_ref idref="oc-bc0"/>
      </symbol>
      <symbol id="sm-f8c">
         <name>HOSTrename</name>
         <value>0x1512c</value>
         <object_component_ref idref="oc-bd8"/>
      </symbol>
      <symbol id="sm-f98">
         <name>HOSTunlink</name>
         <value>0x15a5a</value>
         <object_component_ref idref="oc-bd2"/>
      </symbol>
      <symbol id="sm-fa5">
         <name>HOSTwrite</name>
         <value>0x153dc</value>
         <object_component_ref idref="oc-bc6"/>
      </symbol>
      <symbol id="sm-fc3">
         <name>__TI_readmsg</name>
         <value>0x15e54</value>
         <object_component_ref idref="oc-c5d"/>
      </symbol>
      <symbol id="sm-fc4">
         <name>C$$IO$$</name>
         <value>0x15db2</value>
         <object_component_ref idref="oc-c57"/>
      </symbol>
      <symbol id="sm-fc5">
         <name>_CIOBUF_</name>
         <value>0x8070</value>
         <object_component_ref idref="oc-cdc"/>
      </symbol>
      <symbol id="sm-fc6">
         <name>__TI_writemsg</name>
         <value>0x15d80</value>
         <object_component_ref idref="oc-c57"/>
      </symbol>
      <symbol id="sm-fd6">
         <name>memccpy</name>
         <value>0x15dec</value>
         <object_component_ref idref="oc-ab2"/>
      </symbol>
      <symbol id="sm-fe6">
         <name>memchr</name>
         <value>0x160da</value>
         <object_component_ref idref="oc-a20"/>
      </symbol>
      <symbol id="sm-1015">
         <name>qsort</name>
         <value>0x130a4</value>
         <object_component_ref idref="oc-889"/>
      </symbol>
      <symbol id="sm-102e">
         <name>setvbuf</name>
         <value>0x13f54</value>
         <object_component_ref idref="oc-a94"/>
      </symbol>
      <symbol id="sm-103a">
         <name>__TI_cleanup</name>
         <value>0x15d4a</value>
         <object_component_ref idref="oc-b08"/>
      </symbol>
      <symbol id="sm-104b">
         <name>__TI_closefile</name>
         <value>0x151a0</value>
         <object_component_ref idref="oc-ba8"/>
      </symbol>
      <symbol id="sm-105d">
         <name>close</name>
         <value>0x156fc</value>
         <object_component_ref idref="oc-c43"/>
      </symbol>
      <symbol id="sm-10e3">
         <name>_sys_memory</name>
         <value>0x8190</value>
         <object_component_ref idref="oc-6ca"/>
      </symbol>
      <symbol id="sm-10e4">
         <name>free</name>
         <value>0x13a92</value>
         <object_component_ref idref="oc-afc"/>
      </symbol>
      <symbol id="sm-10e5">
         <name>memalign</name>
         <value>0x12d44</value>
         <object_component_ref idref="oc-ba1"/>
      </symbol>
      <symbol id="sm-10e6">
         <name>malloc</name>
         <value>0x1620e</value>
         <object_component_ref idref="oc-b02"/>
      </symbol>
      <symbol id="sm-10e7">
         <name>aligned_alloc</name>
         <value>0x12d44</value>
         <object_component_ref idref="oc-ba1"/>
      </symbol>
      <symbol id="sm-110c">
         <name>finddevice</name>
         <value>0x15db6</value>
         <object_component_ref idref="oc-d1b"/>
      </symbol>
      <symbol id="sm-110d">
         <name>getdevice</name>
         <value>0x155de</value>
         <object_component_ref idref="oc-cd0"/>
      </symbol>
      <symbol id="sm-111d">
         <name>strchr</name>
         <value>0x1611a</value>
         <object_component_ref idref="oc-cbc"/>
      </symbol>
      <symbol id="sm-112b">
         <name>strcmp</name>
         <value>0x16136</value>
         <object_component_ref idref="oc-d43"/>
      </symbol>
      <symbol id="sm-1138">
         <name>strcpy</name>
         <value>0x161ac</value>
         <object_component_ref idref="oc-c6e"/>
      </symbol>
      <symbol id="sm-1145">
         <name>strlen</name>
         <value>0x161be</value>
         <object_component_ref idref="oc-a1a"/>
      </symbol>
      <symbol id="sm-1156">
         <name>strncpy</name>
         <value>0x158e6</value>
         <object_component_ref idref="oc-d15"/>
      </symbol>
      <symbol id="sm-1163">
         <name>toupper</name>
         <value>0x161d0</value>
         <object_component_ref idref="oc-b5f"/>
      </symbol>
      <symbol id="sm-116f">
         <name>unlink</name>
         <value>0x15eea</value>
         <object_component_ref idref="oc-c4a"/>
      </symbol>
      <symbol id="sm-1187">
         <name>wcslen</name>
         <value>0x16020</value>
         <object_component_ref idref="oc-ad5"/>
      </symbol>
      <symbol id="sm-1195">
         <name>write</name>
         <value>0x15c9a</value>
         <object_component_ref idref="oc-a2c"/>
      </symbol>
      <symbol id="sm-119a">
         <name>remove</name>
         <value>0x15eea</value>
      </symbol>
   </symbol_table>
   <title>Link successful</title>
</link_info>
